1462  execve("./pprime", ["./pprime", "500", "1"], 0x7ffe57d815e8 /* 18 vars */) = 0
1462  brk(NULL)                         = 0x5da431fae000
1462  arch_prctl(0x3001 /* ARCH_??? */, 0x7ffea015fbe0) = -1 EINVAL (Invalid argument)
1462  mmap(NULL, 8192, PROT_READ|PROT_WRITE, MAP_PRIVATE|MAP_ANONYMOUS, -1, 0) = 0x7277f4e1f000
1462  access("/etc/ld.so.preload", R_OK) = -1 ENOENT (No such file or directory)
1462  openat(AT_FDCWD, "/etc/ld.so.cache", O_RDONLY|O_CLOEXEC) = 3
1462  newfstatat(3, "", {st_mode=S_IFREG|0644, st_size=29392, ...}, AT_EMPTY_PATH) = 0
1462  mmap(NULL, 29392, PROT_READ, MAP_PRIVATE, 3, 0) = 0x7277f4e17000
1462  close(3)                          = 0
1462  openat(AT_FDCWD, "/lib/x86_64-linux-gnu/libm.so.6", O_RDONLY|O_CLOEXEC) = 3
1462  read(3, "\177ELF\2\1\1\3\0\0\0\0\0\0\0\0\3\0>\0\1\0\0\0\0\0\0\0\0\0\0\0"..., 832) = 832
1462  newfstatat(3, "", {st_mode=S_IFREG|0644, st_size=940560, ...}, AT_EMPTY_PATH) = 0
1462  mmap(NULL, 942344, PROT_READ, MAP_PRIVATE|MAP_DENYWRITE, 3, 0) = 0x7277f4d30000
1462  mmap(0x7277f4d3e000, 507904, PROT_READ|PROT_EXEC, MAP_PRIVATE|MAP_FIXED|MAP_DENYWRITE, 3, 0xe000) = 0x7277f4d3e000
1462  mmap(0x7277f4dba000, 372736, PROT_READ, MAP_PRIVATE|MAP_FIXED|MAP_DENYWRITE, 3, 0x8a000) = 0x7277f4dba000
1462  mmap(0x7277f4e15000, 8192, PROT_READ|PROT_WRITE, MAP_PRIVATE|MAP_FIXED|MAP_DENYWRITE, 3, 0xe4000) = 0x7277f4e15000
1462  close(3)                          = 0
1462  openat(AT_FDCWD, "/lib/x86_64-linux-gnu/libc.so.6", O_RDONLY|O_CLOEXEC) = 3
1462  read(3, "\177ELF\2\1\1\3\0\0\0\0\0\0\0\0\3\0>\0\1\0\0\0P\237\2\0\0\0\0\0"..., 832) = 832
1462  pread64(3, "\6\0\0\0\4\0\0\0@\0\0\0\0\0\0\0@\0\0\0\0\0\0\0@\0\0\0\0\0\0\0"..., 784, 64) = 784
1462  pread64(3, "\4\0\0\0 \0\0\0\5\0\0\0GNU\0\2\0\0\300\4\0\0\0\3\0\0\0\0\0\0\0"..., 48, 848) = 48
1462  pread64(3, "\4\0\0\0\24\0\0\0\3\0\0\0GNU\0\325\31p\226\367\t\200\30)\261\30\257\33|\366c"..., 68, 896) = 68
1462  newfstatat(3, "", {st_mode=S_IFREG|0755, st_size=2220400, ...}, AT_EMPTY_PATH) = 0
1462  pread64(3, "\6\0\0\0\4\0\0\0@\0\0\0\0\0\0\0@\0\0\0\0\0\0\0@\0\0\0\0\0\0\0"..., 784, 64) = 784
1462  mmap(NULL, 2264656, PROT_READ, MAP_PRIVATE|MAP_DENYWRITE, 3, 0) = 0x7277f4b07000
1462  mprotect(0x7277f4b2f000, 2023424, PROT_NONE) = 0
1462  mmap(0x7277f4b2f000, 1658880, PROT_READ|PROT_EXEC, MAP_PRIVATE|MAP_FIXED|MAP_DENYWRITE, 3, 0x28000) = 0x7277f4b2f000
1462  mmap(0x7277f4cc4000, 360448, PROT_READ, MAP_PRIVATE|MAP_FIXED|MAP_DENYWRITE, 3, 0x1bd000) = 0x7277f4cc4000
1462  mmap(0x7277f4d1d000, 24576, PROT_READ|PROT_WRITE, MAP_PRIVATE|MAP_FIXED|MAP_DENYWRITE, 3, 0x215000) = 0x7277f4d1d000
1462  mmap(0x7277f4d23000, 52816, PROT_READ|PROT_WRITE, MAP_PRIVATE|MAP_FIXED|MAP_ANONYMOUS, -1, 0) = 0x7277f4d23000
1462  close(3)                          = 0
1462  mmap(NULL, 12288, PROT_READ|PROT_WRITE, MAP_PRIVATE|MAP_ANONYMOUS, -1, 0) = 0x7277f4b04000
1462  arch_prctl(ARCH_SET_FS, 0x7277f4b04740) = 0
1462  set_tid_address(0x7277f4b04a10)   = 1462
1462  set_robust_list(0x7277f4b04a20, 24) = 0
1462  rseq(0x7277f4b050e0, 0x20, 0, 0x53053053) = 0
1462  mprotect(0x7277f4d1d000, 16384, PROT_READ) = 0
1462  mprotect(0x7277f4e15000, 4096, PROT_READ) = 0
1462  mprotect(0x5da40e555000, 4096, PROT_READ) = 0
1462  mprotect(0x7277f4e59000, 8192, PROT_READ) = 0
1462  prlimit64(0, RLIMIT_STACK, NULL, {rlim_cur=8192*1024, rlim_max=RLIM64_INFINITY}) = 0
1462  munmap(0x7277f4e17000, 29392)     = 0
1462  clone(child_stack=NULL, flags=CLONE_CHILD_CLEARTID|CLONE_CHILD_SETTID|SIGCHLD, child_tidptr=0x7277f4b04a10) = 1463
1462  wait4(-1,  <unfinished ...>
1463  set_robust_list(0x7277f4b04a20, 24) = 0
1463  clone(child_stack=NULL, flags=CLONE_CHILD_CLEARTID|CLONE_CHILD_SETTID|SIGCHLD, child_tidptr=0x7277f4b04a10) = 1464
1463  wait4(-1,  <unfinished ...>
1464  set_robust_list(0x7277f4b04a20, 24) = 0
1464  exit_group(42)                    = ?
1464  +++ exited with 42 +++
1463  <... wait4 resumed>[{WIFEXITED(s) && WEXITSTATUS(s) == 42}], 0, NULL) = 1464
1463  --- SIGCHLD {si_signo=SIGCHLD, si_code=CLD_EXITED, si_pid=1464, si_uid=1000, si_status=42, si_utime=0, si_stime=0} ---
1463  exit_group(95)                    = ?
1463  +++ exited with 95 +++
1462  <... wait4 resumed>[{WIFEXITED(s) && WEXITSTATUS(s) == 95}], 0, NULL) = 1463
1462  --- SIGCHLD {si_signo=SIGCHLD, si_code=CLD_EXITED, si_pid=1463, si_uid=1000, si_status=95, si_utime=0, si_stime=0} ---
1462  newfstatat(1, "", {st_mode=S_IFREG|0664, st_size=0, ...}, AT_EMPTY_PATH) = 0
1462  getrandom("\x8e\xa1\x05\x24\xa2\x14\x45\x78", 8, GRND_NONBLOCK) = 8
1462  brk(NULL)                         = 0x5da431fae000
1462  brk(0x5da431fcf000)               = 0x5da431fcf000
1462  write(1, "Testcase 1 Expected: 95 Output: "..., 70) = 70
1462  exit_group(0)                     = ?
1462  +++ exited with 0 +++
