1474  execve("./pprime", ["./pprime", "5000", "2"], 0x7ffd672292d8 /* 18 vars */) = 0
1474  brk(NULL)                         = 0x6196bb830000
1474  arch_prctl(0x3001 /* ARCH_??? */, 0x7ffd46a39ab0) = -1 EINVAL (Invalid argument)
1474  mmap(NULL, 8192, PROT_READ|PROT_WRITE, MAP_PRIVATE|MAP_ANONYMOUS, -1, 0) = 0x73a952753000
1474  access("/etc/ld.so.preload", R_OK) = -1 ENOENT (No such file or directory)
1474  openat(AT_FDCWD, "/etc/ld.so.cache", O_RDONLY|O_CLOEXEC) = 3
1474  newfstatat(3, "", {st_mode=S_IFREG|0644, st_size=29392, ...}, AT_EMPTY_PATH) = 0
1474  mmap(NULL, 29392, PROT_READ, MAP_PRIVATE, 3, 0) = 0x73a95274b000
1474  close(3)                          = 0
1474  openat(AT_FDCWD, "/lib/x86_64-linux-gnu/libm.so.6", O_RDONLY|O_CLOEXEC) = 3
1474  read(3, "\177ELF\2\1\1\3\0\0\0\0\0\0\0\0\3\0>\0\1\0\0\0\0\0\0\0\0\0\0\0"..., 832) = 832
1474  newfstatat(3, "", {st_mode=S_IFREG|0644, st_size=940560, ...}, AT_EMPTY_PATH) = 0
1474  mmap(NULL, 942344, PROT_READ, MAP_PRIVATE|MAP_DENYWRITE, 3, 0) = 0x73a952664000
1474  mmap(0x73a952672000, 507904, PROT_READ|PROT_EXEC, MAP_PRIVATE|MAP_FIXED|MAP_DENYWRITE, 3, 0xe000) = 0x73a952672000
1474  mmap(0x73a9526ee000, 372736, PROT_READ, MAP_PRIVATE|MAP_FIXED|MAP_DENYWRITE, 3, 0x8a000) = 0x73a9526ee000
1474  mmap(0x73a952749000, 8192, PROT_READ|PROT_WRITE, MAP_PRIVATE|MAP_FIXED|MAP_DENYWRITE, 3, 0xe4000) = 0x73a952749000
1474  close(3)                          = 0
1474  openat(AT_FDCWD, "/lib/x86_64-linux-gnu/libc.so.6", O_RDONLY|O_CLOEXEC) = 3
1474  read(3, "\177ELF\2\1\1\3\0\0\0\0\0\0\0\0\3\0>\0\1\0\0\0P\237\2\0\0\0\0\0"..., 832) = 832
1474  pread64(3, "\6\0\0\0\4\0\0\0@\0\0\0\0\0\0\0@\0\0\0\0\0\0\0@\0\0\0\0\0\0\0"..., 784, 64) = 784
1474  pread64(3, "\4\0\0\0 \0\0\0\5\0\0\0GNU\0\2\0\0\300\4\0\0\0\3\0\0\0\0\0\0\0"..., 48, 848) = 48
1474  pread64(3, "\4\0\0\0\24\0\0\0\3\0\0\0GNU\0\325\31p\226\367\t\200\30)\261\30\257\33|\366c"..., 68, 896) = 68
1474  newfstatat(3, "", {st_mode=S_IFREG|0755, st_size=2220400, ...}, AT_EMPTY_PATH) = 0
1474  pread64(3, "\6\0\0\0\4\0\0\0@\0\0\0\0\0\0\0@\0\0\0\0\0\0\0@\0\0\0\0\0\0\0"..., 784, 64) = 784
1474  mmap(NULL, 2264656, PROT_READ, MAP_PRIVATE|MAP_DENYWRITE, 3, 0) = 0x73a95243b000
1474  mprotect(0x73a952463000, 2023424, PROT_NONE) = 0
1474  mmap(0x73a952463000, 1658880, PROT_READ|PROT_EXEC, MAP_PRIVATE|MAP_FIXED|MAP_DENYWRITE, 3, 0x28000) = 0x73a952463000
1474  mmap(0x73a9525f8000, 360448, PROT_READ, MAP_PRIVATE|MAP_FIXED|MAP_DENYWRITE, 3, 0x1bd000) = 0x73a9525f8000
1474  mmap(0x73a952651000, 24576, PROT_READ|PROT_WRITE, MAP_PRIVATE|MAP_FIXED|MAP_DENYWRITE, 3, 0x215000) = 0x73a952651000
1474  mmap(0x73a952657000, 52816, PROT_READ|PROT_WRITE, MAP_PRIVATE|MAP_FIXED|MAP_ANONYMOUS, -1, 0) = 0x73a952657000
1474  close(3)                          = 0
1474  mmap(NULL, 12288, PROT_READ|PROT_WRITE, MAP_PRIVATE|MAP_ANONYMOUS, -1, 0) = 0x73a952438000
1474  arch_prctl(ARCH_SET_FS, 0x73a952438740) = 0
1474  set_tid_address(0x73a952438a10)   = 1474
1474  set_robust_list(0x73a952438a20, 24) = 0
1474  rseq(0x73a9524390e0, 0x20, 0, 0x53053053) = 0
1474  mprotect(0x73a952651000, 16384, PROT_READ) = 0
1474  mprotect(0x73a952749000, 4096, PROT_READ) = 0
1474  mprotect(0x6196b2401000, 4096, PROT_READ) = 0
1474  mprotect(0x73a95278d000, 8192, PROT_READ) = 0
1474  prlimit64(0, RLIMIT_STACK, NULL, {rlim_cur=8192*1024, rlim_max=RLIM64_INFINITY}) = 0
1474  munmap(0x73a95274b000, 29392)     = 0
1474  clone(child_stack=NULL, flags=CLONE_CHILD_CLEARTID|CLONE_CHILD_SETTID|SIGCHLD, child_tidptr=0x73a952438a10) = 1475
1474  wait4(-1,  <unfinished ...>
1475  set_robust_list(0x73a952438a20, 24) = 0
1475  clone(child_stack=NULL, flags=CLONE_CHILD_CLEARTID|CLONE_CHILD_SETTID|SIGCHLD, child_tidptr=0x73a952438a10) = 1476
1476  set_robust_list(0x73a952438a20, 24) = 0
1475  wait4(-1,  <unfinished ...>
1476  exit_group(46)                    = ?
1476  +++ exited with 46 +++
1475  <... wait4 resumed>[{WIFEXITED(s) && WEXITSTATUS(s) == 46}], 0, NULL) = 1476
1475  --- SIGCHLD {si_signo=SIGCHLD, si_code=CLD_EXITED, si_pid=1476, si_uid=1000, si_status=46, si_utime=0, si_stime=0} ---
1475  exit_group(157)                   = ?
1475  +++ exited with 157 +++
1474  <... wait4 resumed>[{WIFEXITED(s) && WEXITSTATUS(s) == 157}], 0, NULL) = 1475
1474  --- SIGCHLD {si_signo=SIGCHLD, si_code=CLD_EXITED, si_pid=1475, si_uid=1000, si_status=157, si_utime=0, si_stime=0} ---
1474  newfstatat(1, "", {st_mode=S_IFREG|0664, st_size=70, ...}, AT_EMPTY_PATH) = 0
1474  getrandom("\x36\x52\x2c\x6d\x05\xd1\x11\x6e", 8, GRND_NONBLOCK) = 8
1474  brk(NULL)                         = 0x6196bb830000
1474  brk(0x6196bb851000)               = 0x6196bb851000
1474  write(1, "Testcase 2 Expected: 157 Output:"..., 72) = 72
1474  exit_group(0)                     = ?
1474  +++ exited with 0 +++
