1486  execve("./pprime", ["./pprime", "50000", "3"], 0x7ffe09937628 /* 18 vars */) = 0
1486  brk(NULL)                         = 0x5c9e13b04000
1486  arch_prctl(0x3001 /* ARCH_??? */, 0x7fffde717270) = -1 EINVAL (Invalid argument)
1486  mmap(NULL, 8192, PROT_READ|PROT_WRITE, MAP_PRIVATE|MAP_ANONYMOUS, -1, 0) = 0x70ab74f66000
1486  access("/etc/ld.so.preload", R_OK) = -1 ENOENT (No such file or directory)
1486  openat(AT_FDCWD, "/etc/ld.so.cache", O_RDONLY|O_CLOEXEC) = 3
1486  newfstatat(3, "", {st_mode=S_IFREG|0644, st_size=29392, ...}, AT_EMPTY_PATH) = 0
1486  mmap(NULL, 29392, PROT_READ, MAP_PRIVATE, 3, 0) = 0x70ab74f5e000
1486  close(3)                          = 0
1486  openat(AT_FDCWD, "/lib/x86_64-linux-gnu/libm.so.6", O_RDONLY|O_CLOEXEC) = 3
1486  read(3, "\177ELF\2\1\1\3\0\0\0\0\0\0\0\0\3\0>\0\1\0\0\0\0\0\0\0\0\0\0\0"..., 832) = 832
1486  newfstatat(3, "", {st_mode=S_IFREG|0644, st_size=940560, ...}, AT_EMPTY_PATH) = 0
1486  mmap(NULL, 942344, PROT_READ, MAP_PRIVATE|MAP_DENYWRITE, 3, 0) = 0x70ab74e77000
1486  mmap(0x70ab74e85000, 507904, PROT_READ|PROT_EXEC, MAP_PRIVATE|MAP_FIXED|MAP_DENYWRITE, 3, 0xe000) = 0x70ab74e85000
1486  mmap(0x70ab74f01000, 372736, PROT_READ, MAP_PRIVATE|MAP_FIXED|MAP_DENYWRITE, 3, 0x8a000) = 0x70ab74f01000
1486  mmap(0x70ab74f5c000, 8192, PROT_READ|PROT_WRITE, MAP_PRIVATE|MAP_FIXED|MAP_DENYWRITE, 3, 0xe4000) = 0x70ab74f5c000
1486  close(3)                          = 0
1486  openat(AT_FDCWD, "/lib/x86_64-linux-gnu/libc.so.6", O_RDONLY|O_CLOEXEC) = 3
1486  read(3, "\177ELF\2\1\1\3\0\0\0\0\0\0\0\0\3\0>\0\1\0\0\0P\237\2\0\0\0\0\0"..., 832) = 832
1486  pread64(3, "\6\0\0\0\4\0\0\0@\0\0\0\0\0\0\0@\0\0\0\0\0\0\0@\0\0\0\0\0\0\0"..., 784, 64) = 784
1486  pread64(3, "\4\0\0\0 \0\0\0\5\0\0\0GNU\0\2\0\0\300\4\0\0\0\3\0\0\0\0\0\0\0"..., 48, 848) = 48
1486  pread64(3, "\4\0\0\0\24\0\0\0\3\0\0\0GNU\0\325\31p\226\367\t\200\30)\261\30\257\33|\366c"..., 68, 896) = 68
1486  newfstatat(3, "", {st_mode=S_IFREG|0755, st_size=2220400, ...}, AT_EMPTY_PATH) = 0
1486  pread64(3, "\6\0\0\0\4\0\0\0@\0\0\0\0\0\0\0@\0\0\0\0\0\0\0@\0\0\0\0\0\0\0"..., 784, 64) = 784
1486  mmap(NULL, 2264656, PROT_READ, MAP_PRIVATE|MAP_DENYWRITE, 3, 0) = 0x70ab74c4e000
1486  mprotect(0x70ab74c76000, 2023424, PROT_NONE) = 0
1486  mmap(0x70ab74c76000, 1658880, PROT_READ|PROT_EXEC, MAP_PRIVATE|MAP_FIXED|MAP_DENYWRITE, 3, 0x28000) = 0x70ab74c76000
1486  mmap(0x70ab74e0b000, 360448, PROT_READ, MAP_PRIVATE|MAP_FIXED|MAP_DENYWRITE, 3, 0x1bd000) = 0x70ab74e0b000
1486  mmap(0x70ab74e64000, 24576, PROT_READ|PROT_WRITE, MAP_PRIVATE|MAP_FIXED|MAP_DENYWRITE, 3, 0x215000) = 0x70ab74e64000
1486  mmap(0x70ab74e6a000, 52816, PROT_READ|PROT_WRITE, MAP_PRIVATE|MAP_FIXED|MAP_ANONYMOUS, -1, 0) = 0x70ab74e6a000
1486  close(3)                          = 0
1486  mmap(NULL, 12288, PROT_READ|PROT_WRITE, MAP_PRIVATE|MAP_ANONYMOUS, -1, 0) = 0x70ab74c4b000
1486  arch_prctl(ARCH_SET_FS, 0x70ab74c4b740) = 0
1486  set_tid_address(0x70ab74c4ba10)   = 1486
1486  set_robust_list(0x70ab74c4ba20, 24) = 0
1486  rseq(0x70ab74c4c0e0, 0x20, 0, 0x53053053) = 0
1486  mprotect(0x70ab74e64000, 16384, PROT_READ) = 0
1486  mprotect(0x70ab74f5c000, 4096, PROT_READ) = 0
1486  mprotect(0x5c9def53c000, 4096, PROT_READ) = 0
1486  mprotect(0x70ab74fa0000, 8192, PROT_READ) = 0
1486  prlimit64(0, RLIMIT_STACK, NULL, {rlim_cur=8192*1024, rlim_max=RLIM64_INFINITY}) = 0
1486  munmap(0x70ab74f5e000, 29392)     = 0
1486  clone(child_stack=NULL, flags=CLONE_CHILD_CLEARTID|CLONE_CHILD_SETTID|SIGCHLD, child_tidptr=0x70ab74c4ba10) = 1487
1486  wait4(-1,  <unfinished ...>
1487  set_robust_list(0x70ab74c4ba20, 24) = 0
1487  clone(child_stack=NULL, flags=CLONE_CHILD_CLEARTID|CLONE_CHILD_SETTID|SIGCHLD, child_tidptr=0x70ab74c4ba10) = 1488
1488  set_robust_list(0x70ab74c4ba20, 24) = 0
1487  wait4(-1,  <unfinished ...>
1488  exit_group(67)                    = ?
1488  +++ exited with 67 +++
1487  <... wait4 resumed>[{WIFEXITED(s) && WEXITSTATUS(s) == 67}], 0, NULL) = 1488
1487  --- SIGCHLD {si_signo=SIGCHLD, si_code=CLD_EXITED, si_pid=1488, si_uid=1000, si_status=67, si_utime=0, si_stime=0} ---
1487  exit_group(13)                    = ?
1487  +++ exited with 13 +++
1486  <... wait4 resumed>[{WIFEXITED(s) && WEXITSTATUS(s) == 13}], 0, NULL) = 1487
1486  --- SIGCHLD {si_signo=SIGCHLD, si_code=CLD_EXITED, si_pid=1487, si_uid=1000, si_status=13, si_utime=0, si_stime=0} ---
1486  newfstatat(1, "", {st_mode=S_IFREG|0664, st_size=142, ...}, AT_EMPTY_PATH) = 0
1486  getrandom("\xfe\xca\x71\x68\xac\xf0\xae\xc6", 8, GRND_NONBLOCK) = 8
1486  brk(NULL)                         = 0x5c9e13b04000
1486  brk(0x5c9e13b25000)               = 0x5c9e13b25000
1486  write(1, "Testcase 3 Expected: 13 Output: "..., 72) = 72
1486  exit_group(0)                     = ?
1486  +++ exited with 0 +++
