1498  execve("./pprime", ["./pprime", "500000", "4"], 0x7fffca84b0f8 /* 18 vars */) = 0
1498  brk(NULL)                         = 0x5e38cfa5a000
1498  arch_prctl(0x3001 /* ARCH_??? */, 0x7fffddc4a590) = -1 EINVAL (Invalid argument)
1498  mmap(NULL, 8192, PROT_READ|PROT_WRITE, MAP_PRIVATE|MAP_ANONYMOUS, -1, 0) = 0x71d0109e1000
1498  access("/etc/ld.so.preload", R_OK) = -1 ENOENT (No such file or directory)
1498  openat(AT_FDCWD, "/etc/ld.so.cache", O_RDONLY|O_CLOEXEC) = 3
1498  newfstatat(3, "", {st_mode=S_IFREG|0644, st_size=29392, ...}, AT_EMPTY_PATH) = 0
1498  mmap(NULL, 29392, PROT_READ, MAP_PRIVATE, 3, 0) = 0x71d0109d9000
1498  close(3)                          = 0
1498  openat(AT_FDCWD, "/lib/x86_64-linux-gnu/libm.so.6", O_RDONLY|O_CLOEXEC) = 3
1498  read(3, "\177ELF\2\1\1\3\0\0\0\0\0\0\0\0\3\0>\0\1\0\0\0\0\0\0\0\0\0\0\0"..., 832) = 832
1498  newfstatat(3, "", {st_mode=S_IFREG|0644, st_size=940560, ...}, AT_EMPTY_PATH) = 0
1498  mmap(NULL, 942344, PROT_READ, MAP_PRIVATE|MAP_DENYWRITE, 3, 0) = 0x71d0108f2000
1498  mmap(0x71d010900000, 507904, PROT_READ|PROT_EXEC, MAP_PRIVATE|MAP_FIXED|MAP_DENYWRITE, 3, 0xe000) = 0x71d010900000
1498  mmap(0x71d01097c000, 372736, PROT_READ, MAP_PRIVATE|MAP_FIXED|MAP_DENYWRITE, 3, 0x8a000) = 0x71d01097c000
1498  mmap(0x71d0109d7000, 8192, PROT_READ|PROT_WRITE, MAP_PRIVATE|MAP_FIXED|MAP_DENYWRITE, 3, 0xe4000) = 0x71d0109d7000
1498  close(3)                          = 0
1498  openat(AT_FDCWD, "/lib/x86_64-linux-gnu/libc.so.6", O_RDONLY|O_CLOEXEC) = 3
1498  read(3, "\177ELF\2\1\1\3\0\0\0\0\0\0\0\0\3\0>\0\1\0\0\0P\237\2\0\0\0\0\0"..., 832) = 832
1498  pread64(3, "\6\0\0\0\4\0\0\0@\0\0\0\0\0\0\0@\0\0\0\0\0\0\0@\0\0\0\0\0\0\0"..., 784, 64) = 784
1498  pread64(3, "\4\0\0\0 \0\0\0\5\0\0\0GNU\0\2\0\0\300\4\0\0\0\3\0\0\0\0\0\0\0"..., 48, 848) = 48
1498  pread64(3, "\4\0\0\0\24\0\0\0\3\0\0\0GNU\0\325\31p\226\367\t\200\30)\261\30\257\33|\366c"..., 68, 896) = 68
1498  newfstatat(3, "", {st_mode=S_IFREG|0755, st_size=2220400, ...}, AT_EMPTY_PATH) = 0
1498  pread64(3, "\6\0\0\0\4\0\0\0@\0\0\0\0\0\0\0@\0\0\0\0\0\0\0@\0\0\0\0\0\0\0"..., 784, 64) = 784
1498  mmap(NULL, 2264656, PROT_READ, MAP_PRIVATE|MAP_DENYWRITE, 3, 0) = 0x71d0106c9000
1498  mprotect(0x71d0106f1000, 2023424, PROT_NONE) = 0
1498  mmap(0x71d0106f1000, 1658880, PROT_READ|PROT_EXEC, MAP_PRIVATE|MAP_FIXED|MAP_DENYWRITE, 3, 0x28000) = 0x71d0106f1000
1498  mmap(0x71d010886000, 360448, PROT_READ, MAP_PRIVATE|MAP_FIXED|MAP_DENYWRITE, 3, 0x1bd000) = 0x71d010886000
1498  mmap(0x71d0108df000, 24576, PROT_READ|PROT_WRITE, MAP_PRIVATE|MAP_FIXED|MAP_DENYWRITE, 3, 0x215000) = 0x71d0108df000
1498  mmap(0x71d0108e5000, 52816, PROT_READ|PROT_WRITE, MAP_PRIVATE|MAP_FIXED|MAP_ANONYMOUS, -1, 0) = 0x71d0108e5000
1498  close(3)                          = 0
1498  mmap(NULL, 12288, PROT_READ|PROT_WRITE, MAP_PRIVATE|MAP_ANONYMOUS, -1, 0) = 0x71d0106c6000
1498  arch_prctl(ARCH_SET_FS, 0x71d0106c6740) = 0
1498  set_tid_address(0x71d0106c6a10)   = 1498
1498  set_robust_list(0x71d0106c6a20, 24) = 0
1498  rseq(0x71d0106c70e0, 0x20, 0, 0x53053053) = 0
1498  mprotect(0x71d0108df000, 16384, PROT_READ) = 0
1498  mprotect(0x71d0109d7000, 4096, PROT_READ) = 0
1498  mprotect(0x5e38bdf0c000, 4096, PROT_READ) = 0
1498  mprotect(0x71d010a1b000, 8192, PROT_READ) = 0
1498  prlimit64(0, RLIMIT_STACK, NULL, {rlim_cur=8192*1024, rlim_max=RLIM64_INFINITY}) = 0
1498  munmap(0x71d0109d9000, 29392)     = 0
1498  clone(child_stack=NULL, flags=CLONE_CHILD_CLEARTID|CLONE_CHILD_SETTID|SIGCHLD, child_tidptr=0x71d0106c6a10) = 1499
1498  wait4(-1,  <unfinished ...>
1499  set_robust_list(0x71d0106c6a20, 24) = 0
1499  clone(child_stack=NULL, flags=CLONE_CHILD_CLEARTID|CLONE_CHILD_SETTID|SIGCHLD, child_tidptr=0x71d0106c6a10) = 1500
1500  set_robust_list(0x71d0106c6a20, 24) = 0
1499  wait4(-1,  <unfinished ...>
1500  exit_group(38)                    = ?
1500  +++ exited with 38 +++
1499  <... wait4 resumed>[{WIFEXITED(s) && WEXITSTATUS(s) == 38}], 0, NULL) = 1500
1499  --- SIGCHLD {si_signo=SIGCHLD, si_code=CLD_EXITED, si_pid=1500, si_uid=1000, si_status=38, si_utime=11, si_stime=0} ---
1499  exit_group(66)                    = ?
1499  +++ exited with 66 +++
1498  <... wait4 resumed>[{WIFEXITED(s) && WEXITSTATUS(s) == 66}], 0, NULL) = 1499
1498  --- SIGCHLD {si_signo=SIGCHLD, si_code=CLD_EXITED, si_pid=1499, si_uid=1000, si_status=66, si_utime=6, si_stime=0} ---
1498  newfstatat(1, "", {st_mode=S_IFREG|0664, st_size=214, ...}, AT_EMPTY_PATH) = 0
1498  getrandom("\x30\xc7\xcd\x55\xf7\x64\x74\xeb", 8, GRND_NONBLOCK) = 8
1498  brk(NULL)                         = 0x5e38cfa5a000
1498  brk(0x5e38cfa7b000)               = 0x5e38cfa7b000
1498  write(1, "Testcase 4 Expected: 66 Output: "..., 76) = 76
1498  exit_group(0)                     = ?
1498  +++ exited with 0 +++
