1510  execve("./pprime", ["./pprime", "5000000", "5"], 0x7ffce16360f8 /* 18 vars */) = 0
1510  brk(NULL)                         = 0x574733f99000
1510  arch_prctl(0x3001 /* ARCH_??? */, 0x7ffe2ce89890) = -1 EINVAL (Invalid argument)
1510  mmap(NULL, 8192, PROT_READ|PROT_WRITE, MAP_PRIVATE|MAP_ANONYMOUS, -1, 0) = 0x742835eaf000
1510  access("/etc/ld.so.preload", R_OK) = -1 ENOENT (No such file or directory)
1510  openat(AT_FDCWD, "/etc/ld.so.cache", O_RDONLY|O_CLOEXEC) = 3
1510  newfstatat(3, "", {st_mode=S_IFREG|0644, st_size=29392, ...}, AT_EMPTY_PATH) = 0
1510  mmap(NULL, 29392, PROT_READ, MAP_PRIVATE, 3, 0) = 0x742835ea7000
1510  close(3)                          = 0
1510  openat(AT_FDCWD, "/lib/x86_64-linux-gnu/libm.so.6", O_RDONLY|O_CLOEXEC) = 3
1510  read(3, "\177ELF\2\1\1\3\0\0\0\0\0\0\0\0\3\0>\0\1\0\0\0\0\0\0\0\0\0\0\0"..., 832) = 832
1510  newfstatat(3, "", {st_mode=S_IFREG|0644, st_size=940560, ...}, AT_EMPTY_PATH) = 0
1510  mmap(NULL, 942344, PROT_READ, MAP_PRIVATE|MAP_DENYWRITE, 3, 0) = 0x742835dc0000
1510  mmap(0x742835dce000, 507904, PROT_READ|PROT_EXEC, MAP_PRIVATE|MAP_FIXED|MAP_DENYWRITE, 3, 0xe000) = 0x742835dce000
1510  mmap(0x742835e4a000, 372736, PROT_READ, MAP_PRIVATE|MAP_FIXED|MAP_DENYWRITE, 3, 0x8a000) = 0x742835e4a000
1510  mmap(0x742835ea5000, 8192, PROT_READ|PROT_WRITE, MAP_PRIVATE|MAP_FIXED|MAP_DENYWRITE, 3, 0xe4000) = 0x742835ea5000
1510  close(3)                          = 0
1510  openat(AT_FDCWD, "/lib/x86_64-linux-gnu/libc.so.6", O_RDONLY|O_CLOEXEC) = 3
1510  read(3, "\177ELF\2\1\1\3\0\0\0\0\0\0\0\0\3\0>\0\1\0\0\0P\237\2\0\0\0\0\0"..., 832) = 832
1510  pread64(3, "\6\0\0\0\4\0\0\0@\0\0\0\0\0\0\0@\0\0\0\0\0\0\0@\0\0\0\0\0\0\0"..., 784, 64) = 784
1510  pread64(3, "\4\0\0\0 \0\0\0\5\0\0\0GNU\0\2\0\0\300\4\0\0\0\3\0\0\0\0\0\0\0"..., 48, 848) = 48
1510  pread64(3, "\4\0\0\0\24\0\0\0\3\0\0\0GNU\0\325\31p\226\367\t\200\30)\261\30\257\33|\366c"..., 68, 896) = 68
1510  newfstatat(3, "", {st_mode=S_IFREG|0755, st_size=2220400, ...}, AT_EMPTY_PATH) = 0
1510  pread64(3, "\6\0\0\0\4\0\0\0@\0\0\0\0\0\0\0@\0\0\0\0\0\0\0@\0\0\0\0\0\0\0"..., 784, 64) = 784
1510  mmap(NULL, 2264656, PROT_READ, MAP_PRIVATE|MAP_DENYWRITE, 3, 0) = 0x742835b97000
1510  mprotect(0x742835bbf000, 2023424, PROT_NONE) = 0
1510  mmap(0x742835bbf000, 1658880, PROT_READ|PROT_EXEC, MAP_PRIVATE|MAP_FIXED|MAP_DENYWRITE, 3, 0x28000) = 0x742835bbf000
1510  mmap(0x742835d54000, 360448, PROT_READ, MAP_PRIVATE|MAP_FIXED|MAP_DENYWRITE, 3, 0x1bd000) = 0x742835d54000
1510  mmap(0x742835dad000, 24576, PROT_READ|PROT_WRITE, MAP_PRIVATE|MAP_FIXED|MAP_DENYWRITE, 3, 0x215000) = 0x742835dad000
1510  mmap(0x742835db3000, 52816, PROT_READ|PROT_WRITE, MAP_PRIVATE|MAP_FIXED|MAP_ANONYMOUS, -1, 0) = 0x742835db3000
1510  close(3)                          = 0
1510  mmap(NULL, 12288, PROT_READ|PROT_WRITE, MAP_PRIVATE|MAP_ANONYMOUS, -1, 0) = 0x742835b94000
1510  arch_prctl(ARCH_SET_FS, 0x742835b94740) = 0
1510  set_tid_address(0x742835b94a10)   = 1510
1510  set_robust_list(0x742835b94a20, 24) = 0
1510  rseq(0x742835b950e0, 0x20, 0, 0x53053053) = 0
1510  mprotect(0x742835dad000, 16384, PROT_READ) = 0
1510  mprotect(0x742835ea5000, 4096, PROT_READ) = 0
1510  mprotect(0x574732ae3000, 4096, PROT_READ) = 0
1510  mprotect(0x742835ee9000, 8192, PROT_READ) = 0
1510  prlimit64(0, RLIMIT_STACK, NULL, {rlim_cur=8192*1024, rlim_max=RLIM64_INFINITY}) = 0
1510  munmap(0x742835ea7000, 29392)     = 0
1510  clone(child_stack=NULL, flags=CLONE_CHILD_CLEARTID|CLONE_CHILD_SETTID|SIGCHLD, child_tidptr=0x742835b94a10) = 1511
1510  wait4(-1,  <unfinished ...>
1511  set_robust_list(0x742835b94a20, 24) = 0
1511  clone(child_stack=NULL, flags=CLONE_CHILD_CLEARTID|CLONE_CHILD_SETTID|SIGCHLD, child_tidptr=0x742835b94a10) = 1512
1512  set_robust_list(0x742835b94a20, 24) = 0
1511  wait4(-1,  <unfinished ...>
1512  exit_group(65)                    = ?
1512  +++ exited with 65 +++
1511  <... wait4 resumed>[{WIFEXITED(s) && WEXITSTATUS(s) == 65}], 0, NULL) = 1512
1511  --- SIGCHLD {si_signo=SIGCHLD, si_code=CLD_EXITED, si_pid=1512, si_uid=1000, si_status=65, si_utime=268, si_stime=0} ---
1511  exit_group(97)                    = ?
1511  +++ exited with 97 +++
1510  <... wait4 resumed>[{WIFEXITED(s) && WEXITSTATUS(s) == 97}], 0, NULL) = 1511
1510  --- SIGCHLD {si_signo=SIGCHLD, si_code=CLD_EXITED, si_pid=1511, si_uid=1000, si_status=97, si_utime=164, si_stime=0} ---
1510  newfstatat(1, "", {st_mode=S_IFREG|0664, st_size=290, ...}, AT_EMPTY_PATH) = 0
1510  getrandom("\x50\xe8\xae\x4b\xbe\xdf\x2a\x90", 8, GRND_NONBLOCK) = 8
1510  brk(NULL)                         = 0x574733f99000
1510  brk(0x574733fba000)               = 0x574733fba000
1510  write(1, "Testcase 5 Expected: 97 Output: "..., 78) = 78
1510  exit_group(0)                     = ?
1510  +++ exited with 0 +++
