1537  execve("./fact", ["./fact", "3"], 0x7fffed9fd000 /* 18 vars */) = 0
1537  brk(NULL)                         = 0x56498eea9000
1537  arch_prctl(0x3001 /* ARCH_??? */, 0x7fff86e46040) = -1 EINVAL (Invalid argument)
1537  mmap(NULL, 8192, PROT_READ|PROT_WRITE, MAP_PRIVATE|MAP_ANONYMOUS, -1, 0) = 0x7b971960e000
1537  access("/etc/ld.so.preload", R_OK) = -1 ENOENT (No such file or directory)
1537  openat(AT_FDCWD, "/etc/ld.so.cache", O_RDONLY|O_CLOEXEC) = 3
1537  newfstatat(3, "", {st_mode=S_IFREG|0644, st_size=29392, ...}, AT_EMPTY_PATH) = 0
1537  mmap(NULL, 29392, PROT_READ, MAP_PRIVATE, 3, 0) = 0x7b9719606000
1537  close(3)                          = 0
1537  openat(AT_FDCWD, "/lib/x86_64-linux-gnu/libc.so.6", O_RDONLY|O_CLOEXEC) = 3
1537  read(3, "\177ELF\2\1\1\3\0\0\0\0\0\0\0\0\3\0>\0\1\0\0\0P\237\2\0\0\0\0\0"..., 832) = 832
1537  pread64(3, "\6\0\0\0\4\0\0\0@\0\0\0\0\0\0\0@\0\0\0\0\0\0\0@\0\0\0\0\0\0\0"..., 784, 64) = 784
1537  pread64(3, "\4\0\0\0 \0\0\0\5\0\0\0GNU\0\2\0\0\300\4\0\0\0\3\0\0\0\0\0\0\0"..., 48, 848) = 48
1537  pread64(3, "\4\0\0\0\24\0\0\0\3\0\0\0GNU\0\325\31p\226\367\t\200\30)\261\30\257\33|\366c"..., 68, 896) = 68
1537  newfstatat(3, "", {st_mode=S_IFREG|0755, st_size=2220400, ...}, AT_EMPTY_PATH) = 0
1537  pread64(3, "\6\0\0\0\4\0\0\0@\0\0\0\0\0\0\0@\0\0\0\0\0\0\0@\0\0\0\0\0\0\0"..., 784, 64) = 784
1537  mmap(NULL, 2264656, PROT_READ, MAP_PRIVATE|MAP_DENYWRITE, 3, 0) = 0x7b97193dd000
1537  mprotect(0x7b9719405000, 2023424, PROT_NONE) = 0
1537  mmap(0x7b9719405000, 1658880, PROT_READ|PROT_EXEC, MAP_PRIVATE|MAP_FIXED|MAP_DENYWRITE, 3, 0x28000) = 0x7b9719405000
1537  mmap(0x7b971959a000, 360448, PROT_READ, MAP_PRIVATE|MAP_FIXED|MAP_DENYWRITE, 3, 0x1bd000) = 0x7b971959a000
1537  mmap(0x7b97195f3000, 24576, PROT_READ|PROT_WRITE, MAP_PRIVATE|MAP_FIXED|MAP_DENYWRITE, 3, 0x215000) = 0x7b97195f3000
1537  mmap(0x7b97195f9000, 52816, PROT_READ|PROT_WRITE, MAP_PRIVATE|MAP_FIXED|MAP_ANONYMOUS, -1, 0) = 0x7b97195f9000
1537  close(3)                          = 0
1537  mmap(NULL, 12288, PROT_READ|PROT_WRITE, MAP_PRIVATE|MAP_ANONYMOUS, -1, 0) = 0x7b97193da000
1537  arch_prctl(ARCH_SET_FS, 0x7b97193da740) = 0
1537  set_tid_address(0x7b97193daa10)   = 1537
1537  set_robust_list(0x7b97193daa20, 24) = 0
1537  rseq(0x7b97193db0e0, 0x20, 0, 0x53053053) = 0
1537  mprotect(0x7b97195f3000, 16384, PROT_READ) = 0
1537  mprotect(0x5649503ef000, 4096, PROT_READ) = 0
1537  mprotect(0x7b9719648000, 8192, PROT_READ) = 0
1537  prlimit64(0, RLIMIT_STACK, NULL, {rlim_cur=8192*1024, rlim_max=RLIM64_INFINITY}) = 0
1537  munmap(0x7b9719606000, 29392)     = 0
1537  execve("./fact", ["./fact", "2", "3"], 0x7fff86e46220 /* 18 vars */) = 0
1537  brk(NULL)                         = 0x63b3704dd000
1537  arch_prctl(0x3001 /* ARCH_??? */, 0x7fffe7758240) = -1 EINVAL (Invalid argument)
1537  mmap(NULL, 8192, PROT_READ|PROT_WRITE, MAP_PRIVATE|MAP_ANONYMOUS, -1, 0) = 0x73de0e5e9000
1537  access("/etc/ld.so.preload", R_OK) = -1 ENOENT (No such file or directory)
1537  openat(AT_FDCWD, "/etc/ld.so.cache", O_RDONLY|O_CLOEXEC) = 3
1537  newfstatat(3, "", {st_mode=S_IFREG|0644, st_size=29392, ...}, AT_EMPTY_PATH) = 0
1537  mmap(NULL, 29392, PROT_READ, MAP_PRIVATE, 3, 0) = 0x73de0e5e1000
1537  close(3)                          = 0
1537  openat(AT_FDCWD, "/lib/x86_64-linux-gnu/libc.so.6", O_RDONLY|O_CLOEXEC) = 3
1537  read(3, "\177ELF\2\1\1\3\0\0\0\0\0\0\0\0\3\0>\0\1\0\0\0P\237\2\0\0\0\0\0"..., 832) = 832
1537  pread64(3, "\6\0\0\0\4\0\0\0@\0\0\0\0\0\0\0@\0\0\0\0\0\0\0@\0\0\0\0\0\0\0"..., 784, 64) = 784
1537  pread64(3, "\4\0\0\0 \0\0\0\5\0\0\0GNU\0\2\0\0\300\4\0\0\0\3\0\0\0\0\0\0\0"..., 48, 848) = 48
1537  pread64(3, "\4\0\0\0\24\0\0\0\3\0\0\0GNU\0\325\31p\226\367\t\200\30)\261\30\257\33|\366c"..., 68, 896) = 68
1537  newfstatat(3, "", {st_mode=S_IFREG|0755, st_size=2220400, ...}, AT_EMPTY_PATH) = 0
1537  pread64(3, "\6\0\0\0\4\0\0\0@\0\0\0\0\0\0\0@\0\0\0\0\0\0\0@\0\0\0\0\0\0\0"..., 784, 64) = 784
1537  mmap(NULL, 2264656, PROT_READ, MAP_PRIVATE|MAP_DENYWRITE, 3, 0) = 0x73de0e3b8000
1537  mprotect(0x73de0e3e0000, 2023424, PROT_NONE) = 0
1537  mmap(0x73de0e3e0000, 1658880, PROT_READ|PROT_EXEC, MAP_PRIVATE|MAP_FIXED|MAP_DENYWRITE, 3, 0x28000) = 0x73de0e3e0000
1537  mmap(0x73de0e575000, 360448, PROT_READ, MAP_PRIVATE|MAP_FIXED|MAP_DENYWRITE, 3, 0x1bd000) = 0x73de0e575000
1537  mmap(0x73de0e5ce000, 24576, PROT_READ|PROT_WRITE, MAP_PRIVATE|MAP_FIXED|MAP_DENYWRITE, 3, 0x215000) = 0x73de0e5ce000
1537  mmap(0x73de0e5d4000, 52816, PROT_READ|PROT_WRITE, MAP_PRIVATE|MAP_FIXED|MAP_ANONYMOUS, -1, 0) = 0x73de0e5d4000
1537  close(3)                          = 0
1537  mmap(NULL, 12288, PROT_READ|PROT_WRITE, MAP_PRIVATE|MAP_ANONYMOUS, -1, 0) = 0x73de0e3b5000
1537  arch_prctl(ARCH_SET_FS, 0x73de0e3b5740) = 0
1537  set_tid_address(0x73de0e3b5a10)   = 1537
1537  set_robust_list(0x73de0e3b5a20, 24) = 0
1537  rseq(0x73de0e3b60e0, 0x20, 0, 0x53053053) = 0
1537  mprotect(0x73de0e5ce000, 16384, PROT_READ) = 0
1537  mprotect(0x63b34bc13000, 4096, PROT_READ) = 0
1537  mprotect(0x73de0e623000, 8192, PROT_READ) = 0
1537  prlimit64(0, RLIMIT_STACK, NULL, {rlim_cur=8192*1024, rlim_max=RLIM64_INFINITY}) = 0
1537  munmap(0x73de0e5e1000, 29392)     = 0
1537  newfstatat(1, "", {st_mode=S_IFIFO|0600, st_size=0, ...}, AT_EMPTY_PATH) = 0
1537  getrandom("\x16\xa9\x7a\x2b\x09\x9b\x42\xfb", 8, GRND_NONBLOCK) = 8
1537  brk(NULL)                         = 0x63b3704dd000
1537  brk(0x63b3704fe000)               = 0x63b3704fe000
1537  write(1, "6\n", 2)                = 2
1537  exit_group(0)                     = ?
1537  +++ exited with 0 +++
