1544  execve("./fact", ["./fact", "4"], 0x7ffc83d74310 /* 18 vars */) = 0
1544  brk(NULL)                         = 0x62078ddbb000
1544  arch_prctl(0x3001 /* ARCH_??? */, 0x7ffc0a129930) = -1 EINVAL (Invalid argument)
1544  mmap(NULL, 8192, PROT_READ|PROT_WRITE, MAP_PRIVATE|MAP_ANONYMOUS, -1, 0) = 0x76314febc000
1544  access("/etc/ld.so.preload", R_OK) = -1 ENOENT (No such file or directory)
1544  openat(AT_FDCWD, "/etc/ld.so.cache", O_RDONLY|O_CLOEXEC) = 3
1544  newfstatat(3, "", {st_mode=S_IFREG|0644, st_size=29392, ...}, AT_EMPTY_PATH) = 0
1544  mmap(NULL, 29392, PROT_READ, MAP_PRIVATE, 3, 0) = 0x76314feb4000
1544  close(3)                          = 0
1544  openat(AT_FDCWD, "/lib/x86_64-linux-gnu/libc.so.6", O_RDONLY|O_CLOEXEC) = 3
1544  read(3, "\177ELF\2\1\1\3\0\0\0\0\0\0\0\0\3\0>\0\1\0\0\0P\237\2\0\0\0\0\0"..., 832) = 832
1544  pread64(3, "\6\0\0\0\4\0\0\0@\0\0\0\0\0\0\0@\0\0\0\0\0\0\0@\0\0\0\0\0\0\0"..., 784, 64) = 784
1544  pread64(3, "\4\0\0\0 \0\0\0\5\0\0\0GNU\0\2\0\0\300\4\0\0\0\3\0\0\0\0\0\0\0"..., 48, 848) = 48
1544  pread64(3, "\4\0\0\0\24\0\0\0\3\0\0\0GNU\0\325\31p\226\367\t\200\30)\261\30\257\33|\366c"..., 68, 896) = 68
1544  newfstatat(3, "", {st_mode=S_IFREG|0755, st_size=2220400, ...}, AT_EMPTY_PATH) = 0
1544  pread64(3, "\6\0\0\0\4\0\0\0@\0\0\0\0\0\0\0@\0\0\0\0\0\0\0@\0\0\0\0\0\0\0"..., 784, 64) = 784
1544  mmap(NULL, 2264656, PROT_READ, MAP_PRIVATE|MAP_DENYWRITE, 3, 0) = 0x76314fc8b000
1544  mprotect(0x76314fcb3000, 2023424, PROT_NONE) = 0
1544  mmap(0x76314fcb3000, 1658880, PROT_READ|PROT_EXEC, MAP_PRIVATE|MAP_FIXED|MAP_DENYWRITE, 3, 0x28000) = 0x76314fcb3000
1544  mmap(0x76314fe48000, 360448, PROT_READ, MAP_PRIVATE|MAP_FIXED|MAP_DENYWRITE, 3, 0x1bd000) = 0x76314fe48000
1544  mmap(0x76314fea1000, 24576, PROT_READ|PROT_WRITE, MAP_PRIVATE|MAP_FIXED|MAP_DENYWRITE, 3, 0x215000) = 0x76314fea1000
1544  mmap(0x76314fea7000, 52816, PROT_READ|PROT_WRITE, MAP_PRIVATE|MAP_FIXED|MAP_ANONYMOUS, -1, 0) = 0x76314fea7000
1544  close(3)                          = 0
1544  mmap(NULL, 12288, PROT_READ|PROT_WRITE, MAP_PRIVATE|MAP_ANONYMOUS, -1, 0) = 0x76314fc88000
1544  arch_prctl(ARCH_SET_FS, 0x76314fc88740) = 0
1544  set_tid_address(0x76314fc88a10)   = 1544
1544  set_robust_list(0x76314fc88a20, 24) = 0
1544  rseq(0x76314fc890e0, 0x20, 0, 0x53053053) = 0
1544  mprotect(0x76314fea1000, 16384, PROT_READ) = 0
1544  mprotect(0x6207655ae000, 4096, PROT_READ) = 0
1544  mprotect(0x76314fef6000, 8192, PROT_READ) = 0
1544  prlimit64(0, RLIMIT_STACK, NULL, {rlim_cur=8192*1024, rlim_max=RLIM64_INFINITY}) = 0
1544  munmap(0x76314feb4000, 29392)     = 0
1544  execve("./fact", ["./fact", "3", "4"], 0x7ffc0a129b10 /* 18 vars */) = 0
1544  brk(NULL)                         = 0x62f5ff50a000
1544  arch_prctl(0x3001 /* ARCH_??? */, 0x7ffeb6a51e00) = -1 EINVAL (Invalid argument)
1544  mmap(NULL, 8192, PROT_READ|PROT_WRITE, MAP_PRIVATE|MAP_ANONYMOUS, -1, 0) = 0x73f2b946d000
1544  access("/etc/ld.so.preload", R_OK) = -1 ENOENT (No such file or directory)
1544  openat(AT_FDCWD, "/etc/ld.so.cache", O_RDONLY|O_CLOEXEC) = 3
1544  newfstatat(3, "", {st_mode=S_IFREG|0644, st_size=29392, ...}, AT_EMPTY_PATH) = 0
1544  mmap(NULL, 29392, PROT_READ, MAP_PRIVATE, 3, 0) = 0x73f2b9465000
1544  close(3)                          = 0
1544  openat(AT_FDCWD, "/lib/x86_64-linux-gnu/libc.so.6", O_RDONLY|O_CLOEXEC) = 3
1544  read(3, "\177ELF\2\1\1\3\0\0\0\0\0\0\0\0\3\0>\0\1\0\0\0P\237\2\0\0\0\0\0"..., 832) = 832
1544  pread64(3, "\6\0\0\0\4\0\0\0@\0\0\0\0\0\0\0@\0\0\0\0\0\0\0@\0\0\0\0\0\0\0"..., 784, 64) = 784
1544  pread64(3, "\4\0\0\0 \0\0\0\5\0\0\0GNU\0\2\0\0\300\4\0\0\0\3\0\0\0\0\0\0\0"..., 48, 848) = 48
1544  pread64(3, "\4\0\0\0\24\0\0\0\3\0\0\0GNU\0\325\31p\226\367\t\200\30)\261\30\257\33|\366c"..., 68, 896) = 68
1544  newfstatat(3, "", {st_mode=S_IFREG|0755, st_size=2220400, ...}, AT_EMPTY_PATH) = 0
1544  pread64(3, "\6\0\0\0\4\0\0\0@\0\0\0\0\0\0\0@\0\0\0\0\0\0\0@\0\0\0\0\0\0\0"..., 784, 64) = 784
1544  mmap(NULL, 2264656, PROT_READ, MAP_PRIVATE|MAP_DENYWRITE, 3, 0) = 0x73f2b923c000
1544  mprotect(0x73f2b9264000, 2023424, PROT_NONE) = 0
1544  mmap(0x73f2b9264000, 1658880, PROT_READ|PROT_EXEC, MAP_PRIVATE|MAP_FIXED|MAP_DENYWRITE, 3, 0x28000) = 0x73f2b9264000
1544  mmap(0x73f2b93f9000, 360448, PROT_READ, MAP_PRIVATE|MAP_FIXED|MAP_DENYWRITE, 3, 0x1bd000) = 0x73f2b93f9000
1544  mmap(0x73f2b9452000, 24576, PROT_READ|PROT_WRITE, MAP_PRIVATE|MAP_FIXED|MAP_DENYWRITE, 3, 0x215000) = 0x73f2b9452000
1544  mmap(0x73f2b9458000, 52816, PROT_READ|PROT_WRITE, MAP_PRIVATE|MAP_FIXED|MAP_ANONYMOUS, -1, 0) = 0x73f2b9458000
1544  close(3)                          = 0
1544  mmap(NULL, 12288, PROT_READ|PROT_WRITE, MAP_PRIVATE|MAP_ANONYMOUS, -1, 0) = 0x73f2b9239000
1544  arch_prctl(ARCH_SET_FS, 0x73f2b9239740) = 0
1544  set_tid_address(0x73f2b9239a10)   = 1544
1544  set_robust_list(0x73f2b9239a20, 24) = 0
1544  rseq(0x73f2b923a0e0, 0x20, 0, 0x53053053) = 0
1544  mprotect(0x73f2b9452000, 16384, PROT_READ) = 0
1544  mprotect(0x62f5d43c3000, 4096, PROT_READ) = 0
1544  mprotect(0x73f2b94a7000, 8192, PROT_READ) = 0
1544  prlimit64(0, RLIMIT_STACK, NULL, {rlim_cur=8192*1024, rlim_max=RLIM64_INFINITY}) = 0
1544  munmap(0x73f2b9465000, 29392)     = 0
1544  execve("./fact", ["./fact", "2", "12"], 0x7ffeb6a51fe8 /* 18 vars */) = 0
1544  brk(NULL)                         = 0x57b5a0f81000
1544  arch_prctl(0x3001 /* ARCH_??? */, 0x7ffffaa02730) = -1 EINVAL (Invalid argument)
1544  mmap(NULL, 8192, PROT_READ|PROT_WRITE, MAP_PRIVATE|MAP_ANONYMOUS, -1, 0) = 0x74c2ac280000
1544  access("/etc/ld.so.preload", R_OK) = -1 ENOENT (No such file or directory)
1544  openat(AT_FDCWD, "/etc/ld.so.cache", O_RDONLY|O_CLOEXEC) = 3
1544  newfstatat(3, "", {st_mode=S_IFREG|0644, st_size=29392, ...}, AT_EMPTY_PATH) = 0
1544  mmap(NULL, 29392, PROT_READ, MAP_PRIVATE, 3, 0) = 0x74c2ac278000
1544  close(3)                          = 0
1544  openat(AT_FDCWD, "/lib/x86_64-linux-gnu/libc.so.6", O_RDONLY|O_CLOEXEC) = 3
1544  read(3, "\177ELF\2\1\1\3\0\0\0\0\0\0\0\0\3\0>\0\1\0\0\0P\237\2\0\0\0\0\0"..., 832) = 832
1544  pread64(3, "\6\0\0\0\4\0\0\0@\0\0\0\0\0\0\0@\0\0\0\0\0\0\0@\0\0\0\0\0\0\0"..., 784, 64) = 784
1544  pread64(3, "\4\0\0\0 \0\0\0\5\0\0\0GNU\0\2\0\0\300\4\0\0\0\3\0\0\0\0\0\0\0"..., 48, 848) = 48
1544  pread64(3, "\4\0\0\0\24\0\0\0\3\0\0\0GNU\0\325\31p\226\367\t\200\30)\261\30\257\33|\366c"..., 68, 896) = 68
1544  newfstatat(3, "", {st_mode=S_IFREG|0755, st_size=2220400, ...}, AT_EMPTY_PATH) = 0
1544  pread64(3, "\6\0\0\0\4\0\0\0@\0\0\0\0\0\0\0@\0\0\0\0\0\0\0@\0\0\0\0\0\0\0"..., 784, 64) = 784
1544  mmap(NULL, 2264656, PROT_READ, MAP_PRIVATE|MAP_DENYWRITE, 3, 0) = 0x74c2ac04f000
1544  mprotect(0x74c2ac077000, 2023424, PROT_NONE) = 0
1544  mmap(0x74c2ac077000, 1658880, PROT_READ|PROT_EXEC, MAP_PRIVATE|MAP_FIXED|MAP_DENYWRITE, 3, 0x28000) = 0x74c2ac077000
1544  mmap(0x74c2ac20c000, 360448, PROT_READ, MAP_PRIVATE|MAP_FIXED|MAP_DENYWRITE, 3, 0x1bd000) = 0x74c2ac20c000
1544  mmap(0x74c2ac265000, 24576, PROT_READ|PROT_WRITE, MAP_PRIVATE|MAP_FIXED|MAP_DENYWRITE, 3, 0x215000) = 0x74c2ac265000
1544  mmap(0x74c2ac26b000, 52816, PROT_READ|PROT_WRITE, MAP_PRIVATE|MAP_FIXED|MAP_ANONYMOUS, -1, 0) = 0x74c2ac26b000
1544  close(3)                          = 0
1544  mmap(NULL, 12288, PROT_READ|PROT_WRITE, MAP_PRIVATE|MAP_ANONYMOUS, -1, 0) = 0x74c2ac04c000
1544  arch_prctl(ARCH_SET_FS, 0x74c2ac04c740) = 0
1544  set_tid_address(0x74c2ac04ca10)   = 1544
1544  set_robust_list(0x74c2ac04ca20, 24) = 0
1544  rseq(0x74c2ac04d0e0, 0x20, 0, 0x53053053) = 0
1544  mprotect(0x74c2ac265000, 16384, PROT_READ) = 0
1544  mprotect(0x57b579949000, 4096, PROT_READ) = 0
1544  mprotect(0x74c2ac2ba000, 8192, PROT_READ) = 0
1544  prlimit64(0, RLIMIT_STACK, NULL, {rlim_cur=8192*1024, rlim_max=RLIM64_INFINITY}) = 0
1544  munmap(0x74c2ac278000, 29392)     = 0
1544  newfstatat(1, "", {st_mode=S_IFIFO|0600, st_size=0, ...}, AT_EMPTY_PATH) = 0
1544  getrandom("\x5e\x86\x7e\x1f\x22\xde\x6b\x90", 8, GRND_NONBLOCK) = 8
1544  brk(NULL)                         = 0x57b5a0f81000
1544  brk(0x57b5a0fa2000)               = 0x57b5a0fa2000
1544  write(1, "24\n", 3)               = 3
1544  exit_group(0)                     = ?
1544  +++ exited with 0 +++
