1551  execve("./fact", ["./fact", "5"], 0x7ffee7e7d270 /* 18 vars */) = 0
1551  brk(NULL)                         = 0x650a18d03000
1551  arch_prctl(0x3001 /* ARCH_??? */, 0x7ffdf6a75630) = -1 EINVAL (Invalid argument)
1551  mmap(NULL, 8192, PROT_READ|PROT_WRITE, MAP_PRIVATE|MAP_ANONYMOUS, -1, 0) = 0x7bf65e01e000
1551  access("/etc/ld.so.preload", R_OK) = -1 ENOENT (No such file or directory)
1551  openat(AT_FDCWD, "/etc/ld.so.cache", O_RDONLY|O_CLOEXEC) = 3
1551  newfstatat(3, "", {st_mode=S_IFREG|0644, st_size=29392, ...}, AT_EMPTY_PATH) = 0
1551  mmap(NULL, 29392, PROT_READ, MAP_PRIVATE, 3, 0) = 0x7bf65e016000
1551  close(3)                          = 0
1551  openat(AT_FDCWD, "/lib/x86_64-linux-gnu/libc.so.6", O_RDONLY|O_CLOEXEC) = 3
1551  read(3, "\177ELF\2\1\1\3\0\0\0\0\0\0\0\0\3\0>\0\1\0\0\0P\237\2\0\0\0\0\0"..., 832) = 832
1551  pread64(3, "\6\0\0\0\4\0\0\0@\0\0\0\0\0\0\0@\0\0\0\0\0\0\0@\0\0\0\0\0\0\0"..., 784, 64) = 784
1551  pread64(3, "\4\0\0\0 \0\0\0\5\0\0\0GNU\0\2\0\0\300\4\0\0\0\3\0\0\0\0\0\0\0"..., 48, 848) = 48
1551  pread64(3, "\4\0\0\0\24\0\0\0\3\0\0\0GNU\0\325\31p\226\367\t\200\30)\261\30\257\33|\366c"..., 68, 896) = 68
1551  newfstatat(3, "", {st_mode=S_IFREG|0755, st_size=2220400, ...}, AT_EMPTY_PATH) = 0
1551  pread64(3, "\6\0\0\0\4\0\0\0@\0\0\0\0\0\0\0@\0\0\0\0\0\0\0@\0\0\0\0\0\0\0"..., 784, 64) = 784
1551  mmap(NULL, 2264656, PROT_READ, MAP_PRIVATE|MAP_DENYWRITE, 3, 0) = 0x7bf65dded000
1551  mprotect(0x7bf65de15000, 2023424, PROT_NONE) = 0
1551  mmap(0x7bf65de15000, 1658880, PROT_READ|PROT_EXEC, MAP_PRIVATE|MAP_FIXED|MAP_DENYWRITE, 3, 0x28000) = 0x7bf65de15000
1551  mmap(0x7bf65dfaa000, 360448, PROT_READ, MAP_PRIVATE|MAP_FIXED|MAP_DENYWRITE, 3, 0x1bd000) = 0x7bf65dfaa000
1551  mmap(0x7bf65e003000, 24576, PROT_READ|PROT_WRITE, MAP_PRIVATE|MAP_FIXED|MAP_DENYWRITE, 3, 0x215000) = 0x7bf65e003000
1551  mmap(0x7bf65e009000, 52816, PROT_READ|PROT_WRITE, MAP_PRIVATE|MAP_FIXED|MAP_ANONYMOUS, -1, 0) = 0x7bf65e009000
1551  close(3)                          = 0
1551  mmap(NULL, 12288, PROT_READ|PROT_WRITE, MAP_PRIVATE|MAP_ANONYMOUS, -1, 0) = 0x7bf65ddea000
1551  arch_prctl(ARCH_SET_FS, 0x7bf65ddea740) = 0
1551  set_tid_address(0x7bf65ddeaa10)   = 1551
1551  set_robust_list(0x7bf65ddeaa20, 24) = 0
1551  rseq(0x7bf65ddeb0e0, 0x20, 0, 0x53053053) = 0
1551  mprotect(0x7bf65e003000, 16384, PROT_READ) = 0
1551  mprotect(0x6509e4490000, 4096, PROT_READ) = 0
1551  mprotect(0x7bf65e058000, 8192, PROT_READ) = 0
1551  prlimit64(0, RLIMIT_STACK, NULL, {rlim_cur=8192*1024, rlim_max=RLIM64_INFINITY}) = 0
1551  munmap(0x7bf65e016000, 29392)     = 0
1551  execve("./fact", ["./fact", "4", "5"], 0x7ffdf6a75810 /* 18 vars */) = 0
1551  brk(NULL)                         = 0x634719284000
1551  arch_prctl(0x3001 /* ARCH_??? */, 0x7fff78644250) = -1 EINVAL (Invalid argument)
1551  mmap(NULL, 8192, PROT_READ|PROT_WRITE, MAP_PRIVATE|MAP_ANONYMOUS, -1, 0) = 0x7925e375e000
1551  access("/etc/ld.so.preload", R_OK) = -1 ENOENT (No such file or directory)
1551  openat(AT_FDCWD, "/etc/ld.so.cache", O_RDONLY|O_CLOEXEC) = 3
1551  newfstatat(3, "", {st_mode=S_IFREG|0644, st_size=29392, ...}, AT_EMPTY_PATH) = 0
1551  mmap(NULL, 29392, PROT_READ, MAP_PRIVATE, 3, 0) = 0x7925e3756000
1551  close(3)                          = 0
1551  openat(AT_FDCWD, "/lib/x86_64-linux-gnu/libc.so.6", O_RDONLY|O_CLOEXEC) = 3
1551  read(3, "\177ELF\2\1\1\3\0\0\0\0\0\0\0\0\3\0>\0\1\0\0\0P\237\2\0\0\0\0\0"..., 832) = 832
1551  pread64(3, "\6\0\0\0\4\0\0\0@\0\0\0\0\0\0\0@\0\0\0\0\0\0\0@\0\0\0\0\0\0\0"..., 784, 64) = 784
1551  pread64(3, "\4\0\0\0 \0\0\0\5\0\0\0GNU\0\2\0\0\300\4\0\0\0\3\0\0\0\0\0\0\0"..., 48, 848) = 48
1551  pread64(3, "\4\0\0\0\24\0\0\0\3\0\0\0GNU\0\325\31p\226\367\t\200\30)\261\30\257\33|\366c"..., 68, 896) = 68
1551  newfstatat(3, "", {st_mode=S_IFREG|0755, st_size=2220400, ...}, AT_EMPTY_PATH) = 0
1551  pread64(3, "\6\0\0\0\4\0\0\0@\0\0\0\0\0\0\0@\0\0\0\0\0\0\0@\0\0\0\0\0\0\0"..., 784, 64) = 784
1551  mmap(NULL, 2264656, PROT_READ, MAP_PRIVATE|MAP_DENYWRITE, 3, 0) = 0x7925e352d000
1551  mprotect(0x7925e3555000, 2023424, PROT_NONE) = 0
1551  mmap(0x7925e3555000, 1658880, PROT_READ|PROT_EXEC, MAP_PRIVATE|MAP_FIXED|MAP_DENYWRITE, 3, 0x28000) = 0x7925e3555000
1551  mmap(0x7925e36ea000, 360448, PROT_READ, MAP_PRIVATE|MAP_FIXED|MAP_DENYWRITE, 3, 0x1bd000) = 0x7925e36ea000
1551  mmap(0x7925e3743000, 24576, PROT_READ|PROT_WRITE, MAP_PRIVATE|MAP_FIXED|MAP_DENYWRITE, 3, 0x215000) = 0x7925e3743000
1551  mmap(0x7925e3749000, 52816, PROT_READ|PROT_WRITE, MAP_PRIVATE|MAP_FIXED|MAP_ANONYMOUS, -1, 0) = 0x7925e3749000
1551  close(3)                          = 0
1551  mmap(NULL, 12288, PROT_READ|PROT_WRITE, MAP_PRIVATE|MAP_ANONYMOUS, -1, 0) = 0x7925e352a000
1551  arch_prctl(ARCH_SET_FS, 0x7925e352a740) = 0
1551  set_tid_address(0x7925e352aa10)   = 1551
1551  set_robust_list(0x7925e352aa20, 24) = 0
1551  rseq(0x7925e352b0e0, 0x20, 0, 0x53053053) = 0
1551  mprotect(0x7925e3743000, 16384, PROT_READ) = 0
1551  mprotect(0x634711486000, 4096, PROT_READ) = 0
1551  mprotect(0x7925e3798000, 8192, PROT_READ) = 0
1551  prlimit64(0, RLIMIT_STACK, NULL, {rlim_cur=8192*1024, rlim_max=RLIM64_INFINITY}) = 0
1551  munmap(0x7925e3756000, 29392)     = 0
1551  execve("./fact", ["./fact", "3", "20"], 0x7fff78644438 /* 18 vars */) = 0
1551  brk(NULL)                         = 0x5e84218e6000
1551  arch_prctl(0x3001 /* ARCH_??? */, 0x7ffc12c1d6c0) = -1 EINVAL (Invalid argument)
1551  mmap(NULL, 8192, PROT_READ|PROT_WRITE, MAP_PRIVATE|MAP_ANONYMOUS, -1, 0) = 0x7bbf730de000
1551  access("/etc/ld.so.preload", R_OK) = -1 ENOENT (No such file or directory)
1551  openat(AT_FDCWD, "/etc/ld.so.cache", O_RDONLY|O_CLOEXEC) = 3
1551  newfstatat(3, "", {st_mode=S_IFREG|0644, st_size=29392, ...}, AT_EMPTY_PATH) = 0
1551  mmap(NULL, 29392, PROT_READ, MAP_PRIVATE, 3, 0) = 0x7bbf730d6000
1551  close(3)                          = 0
1551  openat(AT_FDCWD, "/lib/x86_64-linux-gnu/libc.so.6", O_RDONLY|O_CLOEXEC) = 3
1551  read(3, "\177ELF\2\1\1\3\0\0\0\0\0\0\0\0\3\0>\0\1\0\0\0P\237\2\0\0\0\0\0"..., 832) = 832
1551  pread64(3, "\6\0\0\0\4\0\0\0@\0\0\0\0\0\0\0@\0\0\0\0\0\0\0@\0\0\0\0\0\0\0"..., 784, 64) = 784
1551  pread64(3, "\4\0\0\0 \0\0\0\5\0\0\0GNU\0\2\0\0\300\4\0\0\0\3\0\0\0\0\0\0\0"..., 48, 848) = 48
1551  pread64(3, "\4\0\0\0\24\0\0\0\3\0\0\0GNU\0\325\31p\226\367\t\200\30)\261\30\257\33|\366c"..., 68, 896) = 68
1551  newfstatat(3, "", {st_mode=S_IFREG|0755, st_size=2220400, ...}, AT_EMPTY_PATH) = 0
1551  pread64(3, "\6\0\0\0\4\0\0\0@\0\0\0\0\0\0\0@\0\0\0\0\0\0\0@\0\0\0\0\0\0\0"..., 784, 64) = 784
1551  mmap(NULL, 2264656, PROT_READ, MAP_PRIVATE|MAP_DENYWRITE, 3, 0) = 0x7bbf72ead000
1551  mprotect(0x7bbf72ed5000, 2023424, PROT_NONE) = 0
1551  mmap(0x7bbf72ed5000, 1658880, PROT_READ|PROT_EXEC, MAP_PRIVATE|MAP_FIXED|MAP_DENYWRITE, 3, 0x28000) = 0x7bbf72ed5000
1551  mmap(0x7bbf7306a000, 360448, PROT_READ, MAP_PRIVATE|MAP_FIXED|MAP_DENYWRITE, 3, 0x1bd000) = 0x7bbf7306a000
1551  mmap(0x7bbf730c3000, 24576, PROT_READ|PROT_WRITE, MAP_PRIVATE|MAP_FIXED|MAP_DENYWRITE, 3, 0x215000) = 0x7bbf730c3000
1551  mmap(0x7bbf730c9000, 52816, PROT_READ|PROT_WRITE, MAP_PRIVATE|MAP_FIXED|MAP_ANONYMOUS, -1, 0) = 0x7bbf730c9000
1551  close(3)                          = 0
1551  mmap(NULL, 12288, PROT_READ|PROT_WRITE, MAP_PRIVATE|MAP_ANONYMOUS, -1, 0) = 0x7bbf72eaa000
1551  arch_prctl(ARCH_SET_FS, 0x7bbf72eaa740) = 0
1551  set_tid_address(0x7bbf72eaaa10)   = 1551
1551  set_robust_list(0x7bbf72eaaa20, 24) = 0
1551  rseq(0x7bbf72eab0e0, 0x20, 0, 0x53053053) = 0
1551  mprotect(0x7bbf730c3000, 16384, PROT_READ) = 0
1551  mprotect(0x5e840b399000, 4096, PROT_READ) = 0
1551  mprotect(0x7bbf73118000, 8192, PROT_READ) = 0
1551  prlimit64(0, RLIMIT_STACK, NULL, {rlim_cur=8192*1024, rlim_max=RLIM64_INFINITY}) = 0
1551  munmap(0x7bbf730d6000, 29392)     = 0
1551  execve("./fact", ["./fact", "2", "60"], 0x7ffc12c1d8a8 /* 18 vars */) = 0
1551  brk(NULL)                         = 0x5d1f9414c000
1551  arch_prctl(0x3001 /* ARCH_??? */, 0x7ffdc4870210) = -1 EINVAL (Invalid argument)
1551  mmap(NULL, 8192, PROT_READ|PROT_WRITE, MAP_PRIVATE|MAP_ANONYMOUS, -1, 0) = 0x7181c0001000
1551  access("/etc/ld.so.preload", R_OK) = -1 ENOENT (No such file or directory)
1551  openat(AT_FDCWD, "/etc/ld.so.cache", O_RDONLY|O_CLOEXEC) = 3
1551  newfstatat(3, "", {st_mode=S_IFREG|0644, st_size=29392, ...}, AT_EMPTY_PATH) = 0
1551  mmap(NULL, 29392, PROT_READ, MAP_PRIVATE, 3, 0) = 0x7181bfff9000
1551  close(3)                          = 0
1551  openat(AT_FDCWD, "/lib/x86_64-linux-gnu/libc.so.6", O_RDONLY|O_CLOEXEC) = 3
1551  read(3, "\177ELF\2\1\1\3\0\0\0\0\0\0\0\0\3\0>\0\1\0\0\0P\237\2\0\0\0\0\0"..., 832) = 832
1551  pread64(3, "\6\0\0\0\4\0\0\0@\0\0\0\0\0\0\0@\0\0\0\0\0\0\0@\0\0\0\0\0\0\0"..., 784, 64) = 784
1551  pread64(3, "\4\0\0\0 \0\0\0\5\0\0\0GNU\0\2\0\0\300\4\0\0\0\3\0\0\0\0\0\0\0"..., 48, 848) = 48
1551  pread64(3, "\4\0\0\0\24\0\0\0\3\0\0\0GNU\0\325\31p\226\367\t\200\30)\261\30\257\33|\366c"..., 68, 896) = 68
1551  newfstatat(3, "", {st_mode=S_IFREG|0755, st_size=2220400, ...}, AT_EMPTY_PATH) = 0
1551  pread64(3, "\6\0\0\0\4\0\0\0@\0\0\0\0\0\0\0@\0\0\0\0\0\0\0@\0\0\0\0\0\0\0"..., 784, 64) = 784
1551  mmap(NULL, 2264656, PROT_READ, MAP_PRIVATE|MAP_DENYWRITE, 3, 0) = 0x7181bfdd0000
1551  mprotect(0x7181bfdf8000, 2023424, PROT_NONE) = 0
1551  mmap(0x7181bfdf8000, 1658880, PROT_READ|PROT_EXEC, MAP_PRIVATE|MAP_FIXED|MAP_DENYWRITE, 3, 0x28000) = 0x7181bfdf8000
1551  mmap(0x7181bff8d000, 360448, PROT_READ, MAP_PRIVATE|MAP_FIXED|MAP_DENYWRITE, 3, 0x1bd000) = 0x7181bff8d000
1551  mmap(0x7181bffe6000, 24576, PROT_READ|PROT_WRITE, MAP_PRIVATE|MAP_FIXED|MAP_DENYWRITE, 3, 0x215000) = 0x7181bffe6000
1551  mmap(0x7181bffec000, 52816, PROT_READ|PROT_WRITE, MAP_PRIVATE|MAP_FIXED|MAP_ANONYMOUS, -1, 0) = 0x7181bffec000
1551  close(3)                          = 0
1551  mmap(NULL, 12288, PROT_READ|PROT_WRITE, MAP_PRIVATE|MAP_ANONYMOUS, -1, 0) = 0x7181bfdcd000
1551  arch_prctl(ARCH_SET_FS, 0x7181bfdcd740) = 0
1551  set_tid_address(0x7181bfdcda10)   = 1551
1551  set_robust_list(0x7181bfdcda20, 24) = 0
1551  rseq(0x7181bfdce0e0, 0x20, 0, 0x53053053) = 0
1551  mprotect(0x7181bffe6000, 16384, PROT_READ) = 0
1551  mprotect(0x5d1f58f96000, 4096, PROT_READ) = 0
1551  mprotect(0x7181c003b000, 8192, PROT_READ) = 0
1551  prlimit64(0, RLIMIT_STACK, NULL, {rlim_cur=8192*1024, rlim_max=RLIM64_INFINITY}) = 0
1551  munmap(0x7181bfff9000, 29392)     = 0
1551  newfstatat(1, "", {st_mode=S_IFIFO|0600, st_size=0, ...}, AT_EMPTY_PATH) = 0
1551  getrandom("\x19\x8d\xf1\x17\x21\xdf\x04\xbe", 8, GRND_NONBLOCK) = 8
1551  brk(NULL)                         = 0x5d1f9414c000
1551  brk(0x5d1f9416d000)               = 0x5d1f9416d000
1551  write(1, "120\n", 4)              = 4
1551  exit_group(0)                     = ?
1551  +++ exited with 0 +++
