1565  execve("./fact", ["./fact", "7"], 0x7ffe7772e260 /* 18 vars */) = 0
1565  brk(NULL)                         = 0x5896b8351000
1565  arch_prctl(0x3001 /* ARCH_??? */, 0x7fff15c87490) = -1 EINVAL (Invalid argument)
1565  mmap(NULL, 8192, PROT_READ|PROT_WRITE, MAP_PRIVATE|MAP_ANONYMOUS, -1, 0) = 0x77f9567ce000
1565  access("/etc/ld.so.preload", R_OK) = -1 ENOENT (No such file or directory)
1565  openat(AT_FDCWD, "/etc/ld.so.cache", O_RDONLY|O_CLOEXEC) = 3
1565  newfstatat(3, "", {st_mode=S_IFREG|0644, st_size=29392, ...}, AT_EMPTY_PATH) = 0
1565  mmap(NULL, 29392, PROT_READ, MAP_PRIVATE, 3, 0) = 0x77f9567c6000
1565  close(3)                          = 0
1565  openat(AT_FDCWD, "/lib/x86_64-linux-gnu/libc.so.6", O_RDONLY|O_CLOEXEC) = 3
1565  read(3, "\177ELF\2\1\1\3\0\0\0\0\0\0\0\0\3\0>\0\1\0\0\0P\237\2\0\0\0\0\0"..., 832) = 832
1565  pread64(3, "\6\0\0\0\4\0\0\0@\0\0\0\0\0\0\0@\0\0\0\0\0\0\0@\0\0\0\0\0\0\0"..., 784, 64) = 784
1565  pread64(3, "\4\0\0\0 \0\0\0\5\0\0\0GNU\0\2\0\0\300\4\0\0\0\3\0\0\0\0\0\0\0"..., 48, 848) = 48
1565  pread64(3, "\4\0\0\0\24\0\0\0\3\0\0\0GNU\0\325\31p\226\367\t\200\30)\261\30\257\33|\366c"..., 68, 896) = 68
1565  newfstatat(3, "", {st_mode=S_IFREG|0755, st_size=2220400, ...}, AT_EMPTY_PATH) = 0
1565  pread64(3, "\6\0\0\0\4\0\0\0@\0\0\0\0\0\0\0@\0\0\0\0\0\0\0@\0\0\0\0\0\0\0"..., 784, 64) = 784
1565  mmap(NULL, 2264656, PROT_READ, MAP_PRIVATE|MAP_DENYWRITE, 3, 0) = 0x77f95659d000
1565  mprotect(0x77f9565c5000, 2023424, PROT_NONE) = 0
1565  mmap(0x77f9565c5000, 1658880, PROT_READ|PROT_EXEC, MAP_PRIVATE|MAP_FIXED|MAP_DENYWRITE, 3, 0x28000) = 0x77f9565c5000
1565  mmap(0x77f95675a000, 360448, PROT_READ, MAP_PRIVATE|MAP_FIXED|MAP_DENYWRITE, 3, 0x1bd000) = 0x77f95675a000
1565  mmap(0x77f9567b3000, 24576, PROT_READ|PROT_WRITE, MAP_PRIVATE|MAP_FIXED|MAP_DENYWRITE, 3, 0x215000) = 0x77f9567b3000
1565  mmap(0x77f9567b9000, 52816, PROT_READ|PROT_WRITE, MAP_PRIVATE|MAP_FIXED|MAP_ANONYMOUS, -1, 0) = 0x77f9567b9000
1565  close(3)                          = 0
1565  mmap(NULL, 12288, PROT_READ|PROT_WRITE, MAP_PRIVATE|MAP_ANONYMOUS, -1, 0) = 0x77f95659a000
1565  arch_prctl(ARCH_SET_FS, 0x77f95659a740) = 0
1565  set_tid_address(0x77f95659aa10)   = 1565
1565  set_robust_list(0x77f95659aa20, 24) = 0
1565  rseq(0x77f95659b0e0, 0x20, 0, 0x53053053) = 0
1565  mprotect(0x77f9567b3000, 16384, PROT_READ) = 0
1565  mprotect(0x58969d0ad000, 4096, PROT_READ) = 0
1565  mprotect(0x77f956808000, 8192, PROT_READ) = 0
1565  prlimit64(0, RLIMIT_STACK, NULL, {rlim_cur=8192*1024, rlim_max=RLIM64_INFINITY}) = 0
1565  munmap(0x77f9567c6000, 29392)     = 0
1565  execve("./fact", ["./fact", "6", "7"], 0x7fff15c87670 /* 18 vars */) = 0
1565  brk(NULL)                         = 0x6529b077b000
1565  arch_prctl(0x3001 /* ARCH_??? */, 0x7ffea4d28780) = -1 EINVAL (Invalid argument)
1565  mmap(NULL, 8192, PROT_READ|PROT_WRITE, MAP_PRIVATE|MAP_ANONYMOUS, -1, 0) = 0x7d1cd19fe000
1565  access("/etc/ld.so.preload", R_OK) = -1 ENOENT (No such file or directory)
1565  openat(AT_FDCWD, "/etc/ld.so.cache", O_RDONLY|O_CLOEXEC) = 3
1565  newfstatat(3, "", {st_mode=S_IFREG|0644, st_size=29392, ...}, AT_EMPTY_PATH) = 0
1565  mmap(NULL, 29392, PROT_READ, MAP_PRIVATE, 3, 0) = 0x7d1cd19f6000
1565  close(3)                          = 0
1565  openat(AT_FDCWD, "/lib/x86_64-linux-gnu/libc.so.6", O_RDONLY|O_CLOEXEC) = 3
1565  read(3, "\177ELF\2\1\1\3\0\0\0\0\0\0\0\0\3\0>\0\1\0\0\0P\237\2\0\0\0\0\0"..., 832) = 832
1565  pread64(3, "\6\0\0\0\4\0\0\0@\0\0\0\0\0\0\0@\0\0\0\0\0\0\0@\0\0\0\0\0\0\0"..., 784, 64) = 784
1565  pread64(3, "\4\0\0\0 \0\0\0\5\0\0\0GNU\0\2\0\0\300\4\0\0\0\3\0\0\0\0\0\0\0"..., 48, 848) = 48
1565  pread64(3, "\4\0\0\0\24\0\0\0\3\0\0\0GNU\0\325\31p\226\367\t\200\30)\261\30\257\33|\366c"..., 68, 896) = 68
1565  newfstatat(3, "", {st_mode=S_IFREG|0755, st_size=2220400, ...}, AT_EMPTY_PATH) = 0
1565  pread64(3, "\6\0\0\0\4\0\0\0@\0\0\0\0\0\0\0@\0\0\0\0\0\0\0@\0\0\0\0\0\0\0"..., 784, 64) = 784
1565  mmap(NULL, 2264656, PROT_READ, MAP_PRIVATE|MAP_DENYWRITE, 3, 0) = 0x7d1cd17cd000
1565  mprotect(0x7d1cd17f5000, 2023424, PROT_NONE) = 0
1565  mmap(0x7d1cd17f5000, 1658880, PROT_READ|PROT_EXEC, MAP_PRIVATE|MAP_FIXED|MAP_DENYWRITE, 3, 0x28000) = 0x7d1cd17f5000
1565  mmap(0x7d1cd198a000, 360448, PROT_READ, MAP_PRIVATE|MAP_FIXED|MAP_DENYWRITE, 3, 0x1bd000) = 0x7d1cd198a000
1565  mmap(0x7d1cd19e3000, 24576, PROT_READ|PROT_WRITE, MAP_PRIVATE|MAP_FIXED|MAP_DENYWRITE, 3, 0x215000) = 0x7d1cd19e3000
1565  mmap(0x7d1cd19e9000, 52816, PROT_READ|PROT_WRITE, MAP_PRIVATE|MAP_FIXED|MAP_ANONYMOUS, -1, 0) = 0x7d1cd19e9000
1565  close(3)                          = 0
1565  mmap(NULL, 12288, PROT_READ|PROT_WRITE, MAP_PRIVATE|MAP_ANONYMOUS, -1, 0) = 0x7d1cd17ca000
1565  arch_prctl(ARCH_SET_FS, 0x7d1cd17ca740) = 0
1565  set_tid_address(0x7d1cd17caa10)   = 1565
1565  set_robust_list(0x7d1cd17caa20, 24) = 0
1565  rseq(0x7d1cd17cb0e0, 0x20, 0, 0x53053053) = 0
1565  mprotect(0x7d1cd19e3000, 16384, PROT_READ) = 0
1565  mprotect(0x652998262000, 4096, PROT_READ) = 0
1565  mprotect(0x7d1cd1a38000, 8192, PROT_READ) = 0
1565  prlimit64(0, RLIMIT_STACK, NULL, {rlim_cur=8192*1024, rlim_max=RLIM64_INFINITY}) = 0
1565  munmap(0x7d1cd19f6000, 29392)     = 0
1565  execve("./fact", ["./fact", "5", "42"], 0x7ffea4d28968 /* 18 vars */) = 0
1565  brk(NULL)                         = 0x634f2be16000
1565  arch_prctl(0x3001 /* ARCH_??? */, 0x7ffd797b6d50) = -1 EINVAL (Invalid argument)
1565  mmap(NULL, 8192, PROT_READ|PROT_WRITE, MAP_PRIVATE|MAP_ANONYMOUS, -1, 0) = 0x73e271f0c000
1565  access("/etc/ld.so.preload", R_OK) = -1 ENOENT (No such file or directory)
1565  openat(AT_FDCWD, "/etc/ld.so.cache", O_RDONLY|O_CLOEXEC) = 3
1565  newfstatat(3, "", {st_mode=S_IFREG|0644, st_size=29392, ...}, AT_EMPTY_PATH) = 0
1565  mmap(NULL, 29392, PROT_READ, MAP_PRIVATE, 3, 0) = 0x73e271f04000
1565  close(3)                          = 0
1565  openat(AT_FDCWD, "/lib/x86_64-linux-gnu/libc.so.6", O_RDONLY|O_CLOEXEC) = 3
1565  read(3, "\177ELF\2\1\1\3\0\0\0\0\0\0\0\0\3\0>\0\1\0\0\0P\237\2\0\0\0\0\0"..., 832) = 832
1565  pread64(3, "\6\0\0\0\4\0\0\0@\0\0\0\0\0\0\0@\0\0\0\0\0\0\0@\0\0\0\0\0\0\0"..., 784, 64) = 784
1565  pread64(3, "\4\0\0\0 \0\0\0\5\0\0\0GNU\0\2\0\0\300\4\0\0\0\3\0\0\0\0\0\0\0"..., 48, 848) = 48
1565  pread64(3, "\4\0\0\0\24\0\0\0\3\0\0\0GNU\0\325\31p\226\367\t\200\30)\261\30\257\33|\366c"..., 68, 896) = 68
1565  newfstatat(3, "", {st_mode=S_IFREG|0755, st_size=2220400, ...}, AT_EMPTY_PATH) = 0
1565  pread64(3, "\6\0\0\0\4\0\0\0@\0\0\0\0\0\0\0@\0\0\0\0\0\0\0@\0\0\0\0\0\0\0"..., 784, 64) = 784
1565  mmap(NULL, 2264656, PROT_READ, MAP_PRIVATE|MAP_DENYWRITE, 3, 0) = 0x73e271cdb000
1565  mprotect(0x73e271d03000, 2023424, PROT_NONE) = 0
1565  mmap(0x73e271d03000, 1658880, PROT_READ|PROT_EXEC, MAP_PRIVATE|MAP_FIXED|MAP_DENYWRITE, 3, 0x28000) = 0x73e271d03000
1565  mmap(0x73e271e98000, 360448, PROT_READ, MAP_PRIVATE|MAP_FIXED|MAP_DENYWRITE, 3, 0x1bd000) = 0x73e271e98000
1565  mmap(0x73e271ef1000, 24576, PROT_READ|PROT_WRITE, MAP_PRIVATE|MAP_FIXED|MAP_DENYWRITE, 3, 0x215000) = 0x73e271ef1000
1565  mmap(0x73e271ef7000, 52816, PROT_READ|PROT_WRITE, MAP_PRIVATE|MAP_FIXED|MAP_ANONYMOUS, -1, 0) = 0x73e271ef7000
1565  close(3)                          = 0
1565  mmap(NULL, 12288, PROT_READ|PROT_WRITE, MAP_PRIVATE|MAP_ANONYMOUS, -1, 0) = 0x73e271cd8000
1565  arch_prctl(ARCH_SET_FS, 0x73e271cd8740) = 0
1565  set_tid_address(0x73e271cd8a10)   = 1565
1565  set_robust_list(0x73e271cd8a20, 24) = 0
1565  rseq(0x73e271cd90e0, 0x20, 0, 0x53053053) = 0
1565  mprotect(0x73e271ef1000, 16384, PROT_READ) = 0
1565  mprotect(0x634f0f1ea000, 4096, PROT_READ) = 0
1565  mprotect(0x73e271f46000, 8192, PROT_READ) = 0
1565  prlimit64(0, RLIMIT_STACK, NULL, {rlim_cur=8192*1024, rlim_max=RLIM64_INFINITY}) = 0
1565  munmap(0x73e271f04000, 29392)     = 0
1565  execve("./fact", ["./fact", "4", "210"], 0x7ffd797b6f38 /* 18 vars */) = 0
1565  brk(NULL)                         = 0x604ddd785000
1565  arch_prctl(0x3001 /* ARCH_??? */, 0x7ffed1672890) = -1 EINVAL (Invalid argument)
1565  mmap(NULL, 8192, PROT_READ|PROT_WRITE, MAP_PRIVATE|MAP_ANONYMOUS, -1, 0) = 0x7ff329ddc000
1565  access("/etc/ld.so.preload", R_OK) = -1 ENOENT (No such file or directory)
1565  openat(AT_FDCWD, "/etc/ld.so.cache", O_RDONLY|O_CLOEXEC) = 3
1565  newfstatat(3, "", {st_mode=S_IFREG|0644, st_size=29392, ...}, AT_EMPTY_PATH) = 0
1565  mmap(NULL, 29392, PROT_READ, MAP_PRIVATE, 3, 0) = 0x7ff329dd4000
1565  close(3)                          = 0
1565  openat(AT_FDCWD, "/lib/x86_64-linux-gnu/libc.so.6", O_RDONLY|O_CLOEXEC) = 3
1565  read(3, "\177ELF\2\1\1\3\0\0\0\0\0\0\0\0\3\0>\0\1\0\0\0P\237\2\0\0\0\0\0"..., 832) = 832
1565  pread64(3, "\6\0\0\0\4\0\0\0@\0\0\0\0\0\0\0@\0\0\0\0\0\0\0@\0\0\0\0\0\0\0"..., 784, 64) = 784
1565  pread64(3, "\4\0\0\0 \0\0\0\5\0\0\0GNU\0\2\0\0\300\4\0\0\0\3\0\0\0\0\0\0\0"..., 48, 848) = 48
1565  pread64(3, "\4\0\0\0\24\0\0\0\3\0\0\0GNU\0\325\31p\226\367\t\200\30)\261\30\257\33|\366c"..., 68, 896) = 68
1565  newfstatat(3, "", {st_mode=S_IFREG|0755, st_size=2220400, ...}, AT_EMPTY_PATH) = 0
1565  pread64(3, "\6\0\0\0\4\0\0\0@\0\0\0\0\0\0\0@\0\0\0\0\0\0\0@\0\0\0\0\0\0\0"..., 784, 64) = 784
1565  mmap(NULL, 2264656, PROT_READ, MAP_PRIVATE|MAP_DENYWRITE, 3, 0) = 0x7ff329bab000
1565  mprotect(0x7ff329bd3000, 2023424, PROT_NONE) = 0
1565  mmap(0x7ff329bd3000, 1658880, PROT_READ|PROT_EXEC, MAP_PRIVATE|MAP_FIXED|MAP_DENYWRITE, 3, 0x28000) = 0x7ff329bd3000
1565  mmap(0x7ff329d68000, 360448, PROT_READ, MAP_PRIVATE|MAP_FIXED|MAP_DENYWRITE, 3, 0x1bd000) = 0x7ff329d68000
1565  mmap(0x7ff329dc1000, 24576, PROT_READ|PROT_WRITE, MAP_PRIVATE|MAP_FIXED|MAP_DENYWRITE, 3, 0x215000) = 0x7ff329dc1000
1565  mmap(0x7ff329dc7000, 52816, PROT_READ|PROT_WRITE, MAP_PRIVATE|MAP_FIXED|MAP_ANONYMOUS, -1, 0) = 0x7ff329dc7000
1565  close(3)                          = 0
1565  mmap(NULL, 12288, PROT_READ|PROT_WRITE, MAP_PRIVATE|MAP_ANONYMOUS, -1, 0) = 0x7ff329ba8000
1565  arch_prctl(ARCH_SET_FS, 0x7ff329ba8740) = 0
1565  set_tid_address(0x7ff329ba8a10)   = 1565
1565  set_robust_list(0x7ff329ba8a20, 24) = 0
1565  rseq(0x7ff329ba90e0, 0x20, 0, 0x53053053) = 0
1565  mprotect(0x7ff329dc1000, 16384, PROT_READ) = 0
1565  mprotect(0x604dbdfae000, 4096, PROT_READ) = 0
1565  mprotect(0x7ff329e16000, 8192, PROT_READ) = 0
1565  prlimit64(0, RLIMIT_STACK, NULL, {rlim_cur=8192*1024, rlim_max=RLIM64_INFINITY}) = 0
1565  munmap(0x7ff329dd4000, 29392)     = 0
1565  execve("./fact", ["./fact", "3", "840"], 0x7ffed1672a78 /* 18 vars */) = 0
1565  brk(NULL)                         = 0x6187f2444000
1565  arch_prctl(0x3001 /* ARCH_??? */, 0x7ffefba794c0) = -1 EINVAL (Invalid argument)
1565  mmap(NULL, 8192, PROT_READ|PROT_WRITE, MAP_PRIVATE|MAP_ANONYMOUS, -1, 0) = 0x777626788000
1565  access("/etc/ld.so.preload", R_OK) = -1 ENOENT (No such file or directory)
1565  openat(AT_FDCWD, "/etc/ld.so.cache", O_RDONLY|O_CLOEXEC) = 3
1565  newfstatat(3, "", {st_mode=S_IFREG|0644, st_size=29392, ...}, AT_EMPTY_PATH) = 0
1565  mmap(NULL, 29392, PROT_READ, MAP_PRIVATE, 3, 0) = 0x777626780000
1565  close(3)                          = 0
1565  openat(AT_FDCWD, "/lib/x86_64-linux-gnu/libc.so.6", O_RDONLY|O_CLOEXEC) = 3
1565  read(3, "\177ELF\2\1\1\3\0\0\0\0\0\0\0\0\3\0>\0\1\0\0\0P\237\2\0\0\0\0\0"..., 832) = 832
1565  pread64(3, "\6\0\0\0\4\0\0\0@\0\0\0\0\0\0\0@\0\0\0\0\0\0\0@\0\0\0\0\0\0\0"..., 784, 64) = 784
1565  pread64(3, "\4\0\0\0 \0\0\0\5\0\0\0GNU\0\2\0\0\300\4\0\0\0\3\0\0\0\0\0\0\0"..., 48, 848) = 48
1565  pread64(3, "\4\0\0\0\24\0\0\0\3\0\0\0GNU\0\325\31p\226\367\t\200\30)\261\30\257\33|\366c"..., 68, 896) = 68
1565  newfstatat(3, "", {st_mode=S_IFREG|0755, st_size=2220400, ...}, AT_EMPTY_PATH) = 0
1565  pread64(3, "\6\0\0\0\4\0\0\0@\0\0\0\0\0\0\0@\0\0\0\0\0\0\0@\0\0\0\0\0\0\0"..., 784, 64) = 784
1565  mmap(NULL, 2264656, PROT_READ, MAP_PRIVATE|MAP_DENYWRITE, 3, 0) = 0x777626557000
1565  mprotect(0x77762657f000, 2023424, PROT_NONE) = 0
1565  mmap(0x77762657f000, 1658880, PROT_READ|PROT_EXEC, MAP_PRIVATE|MAP_FIXED|MAP_DENYWRITE, 3, 0x28000) = 0x77762657f000
1565  mmap(0x777626714000, 360448, PROT_READ, MAP_PRIVATE|MAP_FIXED|MAP_DENYWRITE, 3, 0x1bd000) = 0x777626714000
1565  mmap(0x77762676d000, 24576, PROT_READ|PROT_WRITE, MAP_PRIVATE|MAP_FIXED|MAP_DENYWRITE, 3, 0x215000) = 0x77762676d000
1565  mmap(0x777626773000, 52816, PROT_READ|PROT_WRITE, MAP_PRIVATE|MAP_FIXED|MAP_ANONYMOUS, -1, 0) = 0x777626773000
1565  close(3)                          = 0
1565  mmap(NULL, 12288, PROT_READ|PROT_WRITE, MAP_PRIVATE|MAP_ANONYMOUS, -1, 0) = 0x777626554000
1565  arch_prctl(ARCH_SET_FS, 0x777626554740) = 0
1565  set_tid_address(0x777626554a10)   = 1565
1565  set_robust_list(0x777626554a20, 24) = 0
1565  rseq(0x7776265550e0, 0x20, 0, 0x53053053) = 0
1565  mprotect(0x77762676d000, 16384, PROT_READ) = 0
1565  mprotect(0x6187d8f30000, 4096, PROT_READ) = 0
1565  mprotect(0x7776267c2000, 8192, PROT_READ) = 0
1565  prlimit64(0, RLIMIT_STACK, NULL, {rlim_cur=8192*1024, rlim_max=RLIM64_INFINITY}) = 0
1565  munmap(0x777626780000, 29392)     = 0
1565  execve("./fact", ["./fact", "2", "2520"], 0x7ffefba796a8 /* 18 vars */) = 0
1565  brk(NULL)                         = 0x58c1d25b5000
1565  arch_prctl(0x3001 /* ARCH_??? */, 0x7ffc5a99d570) = -1 EINVAL (Invalid argument)
1565  mmap(NULL, 8192, PROT_READ|PROT_WRITE, MAP_PRIVATE|MAP_ANONYMOUS, -1, 0) = 0x7c553f312000
1565  access("/etc/ld.so.preload", R_OK) = -1 ENOENT (No such file or directory)
1565  openat(AT_FDCWD, "/etc/ld.so.cache", O_RDONLY|O_CLOEXEC) = 3
1565  newfstatat(3, "", {st_mode=S_IFREG|0644, st_size=29392, ...}, AT_EMPTY_PATH) = 0
1565  mmap(NULL, 29392, PROT_READ, MAP_PRIVATE, 3, 0) = 0x7c553f30a000
1565  close(3)                          = 0
1565  openat(AT_FDCWD, "/lib/x86_64-linux-gnu/libc.so.6", O_RDONLY|O_CLOEXEC) = 3
1565  read(3, "\177ELF\2\1\1\3\0\0\0\0\0\0\0\0\3\0>\0\1\0\0\0P\237\2\0\0\0\0\0"..., 832) = 832
1565  pread64(3, "\6\0\0\0\4\0\0\0@\0\0\0\0\0\0\0@\0\0\0\0\0\0\0@\0\0\0\0\0\0\0"..., 784, 64) = 784
1565  pread64(3, "\4\0\0\0 \0\0\0\5\0\0\0GNU\0\2\0\0\300\4\0\0\0\3\0\0\0\0\0\0\0"..., 48, 848) = 48
1565  pread64(3, "\4\0\0\0\24\0\0\0\3\0\0\0GNU\0\325\31p\226\367\t\200\30)\261\30\257\33|\366c"..., 68, 896) = 68
1565  newfstatat(3, "", {st_mode=S_IFREG|0755, st_size=2220400, ...}, AT_EMPTY_PATH) = 0
1565  pread64(3, "\6\0\0\0\4\0\0\0@\0\0\0\0\0\0\0@\0\0\0\0\0\0\0@\0\0\0\0\0\0\0"..., 784, 64) = 784
1565  mmap(NULL, 2264656, PROT_READ, MAP_PRIVATE|MAP_DENYWRITE, 3, 0) = 0x7c553f0e1000
1565  mprotect(0x7c553f109000, 2023424, PROT_NONE) = 0
1565  mmap(0x7c553f109000, 1658880, PROT_READ|PROT_EXEC, MAP_PRIVATE|MAP_FIXED|MAP_DENYWRITE, 3, 0x28000) = 0x7c553f109000
1565  mmap(0x7c553f29e000, 360448, PROT_READ, MAP_PRIVATE|MAP_FIXED|MAP_DENYWRITE, 3, 0x1bd000) = 0x7c553f29e000
1565  mmap(0x7c553f2f7000, 24576, PROT_READ|PROT_WRITE, MAP_PRIVATE|MAP_FIXED|MAP_DENYWRITE, 3, 0x215000) = 0x7c553f2f7000
1565  mmap(0x7c553f2fd000, 52816, PROT_READ|PROT_WRITE, MAP_PRIVATE|MAP_FIXED|MAP_ANONYMOUS, -1, 0) = 0x7c553f2fd000
1565  close(3)                          = 0
1565  mmap(NULL, 12288, PROT_READ|PROT_WRITE, MAP_PRIVATE|MAP_ANONYMOUS, -1, 0) = 0x7c553f0de000
1565  arch_prctl(ARCH_SET_FS, 0x7c553f0de740) = 0
1565  set_tid_address(0x7c553f0dea10)   = 1565
1565  set_robust_list(0x7c553f0dea20, 24) = 0
1565  rseq(0x7c553f0df0e0, 0x20, 0, 0x53053053) = 0
1565  mprotect(0x7c553f2f7000, 16384, PROT_READ) = 0
1565  mprotect(0x58c1960e3000, 4096, PROT_READ) = 0
1565  mprotect(0x7c553f34c000, 8192, PROT_READ) = 0
1565  prlimit64(0, RLIMIT_STACK, NULL, {rlim_cur=8192*1024, rlim_max=RLIM64_INFINITY}) = 0
1565  munmap(0x7c553f30a000, 29392)     = 0
1565  newfstatat(1, "", {st_mode=S_IFIFO|0600, st_size=0, ...}, AT_EMPTY_PATH) = 0
1565  getrandom("\x24\x8d\x97\xa9\x2c\x76\x37\xc2", 8, GRND_NONBLOCK) = 8
1565  brk(NULL)                         = 0x58c1d25b5000
1565  brk(0x58c1d25d6000)               = 0x58c1d25d6000
1565  write(1, "5040\n", 5)             = 5
1565  exit_group(0)                     = ?
1565  +++ exited with 0 +++
