1572  execve("./fact", ["./fact", "8"], 0x7fff9b9f09a0 /* 18 vars */) = 0
1572  brk(NULL)                         = 0x5fc967815000
1572  arch_prctl(0x3001 /* ARCH_??? */, 0x7ffd03a4a2c0) = -1 EINVAL (Invalid argument)
1572  mmap(NULL, 8192, PROT_READ|PROT_WRITE, MAP_PRIVATE|MAP_ANONYMOUS, -1, 0) = 0x71929f072000
1572  access("/etc/ld.so.preload", R_OK) = -1 ENOENT (No such file or directory)
1572  openat(AT_FDCWD, "/etc/ld.so.cache", O_RDONLY|O_CLOEXEC) = 3
1572  newfstatat(3, "", {st_mode=S_IFREG|0644, st_size=29392, ...}, AT_EMPTY_PATH) = 0
1572  mmap(NULL, 29392, PROT_READ, MAP_PRIVATE, 3, 0) = 0x71929f06a000
1572  close(3)                          = 0
1572  openat(AT_FDCWD, "/lib/x86_64-linux-gnu/libc.so.6", O_RDONLY|O_CLOEXEC) = 3
1572  read(3, "\177ELF\2\1\1\3\0\0\0\0\0\0\0\0\3\0>\0\1\0\0\0P\237\2\0\0\0\0\0"..., 832) = 832
1572  pread64(3, "\6\0\0\0\4\0\0\0@\0\0\0\0\0\0\0@\0\0\0\0\0\0\0@\0\0\0\0\0\0\0"..., 784, 64) = 784
1572  pread64(3, "\4\0\0\0 \0\0\0\5\0\0\0GNU\0\2\0\0\300\4\0\0\0\3\0\0\0\0\0\0\0"..., 48, 848) = 48
1572  pread64(3, "\4\0\0\0\24\0\0\0\3\0\0\0GNU\0\325\31p\226\367\t\200\30)\261\30\257\33|\366c"..., 68, 896) = 68
1572  newfstatat(3, "", {st_mode=S_IFREG|0755, st_size=2220400, ...}, AT_EMPTY_PATH) = 0
1572  pread64(3, "\6\0\0\0\4\0\0\0@\0\0\0\0\0\0\0@\0\0\0\0\0\0\0@\0\0\0\0\0\0\0"..., 784, 64) = 784
1572  mmap(NULL, 2264656, PROT_READ, MAP_PRIVATE|MAP_DENYWRITE, 3, 0) = 0x71929ee41000
1572  mprotect(0x71929ee69000, 2023424, PROT_NONE) = 0
1572  mmap(0x71929ee69000, 1658880, PROT_READ|PROT_EXEC, MAP_PRIVATE|MAP_FIXED|MAP_DENYWRITE, 3, 0x28000) = 0x71929ee69000
1572  mmap(0x71929effe000, 360448, PROT_READ, MAP_PRIVATE|MAP_FIXED|MAP_DENYWRITE, 3, 0x1bd000) = 0x71929effe000
1572  mmap(0x71929f057000, 24576, PROT_READ|PROT_WRITE, MAP_PRIVATE|MAP_FIXED|MAP_DENYWRITE, 3, 0x215000) = 0x71929f057000
1572  mmap(0x71929f05d000, 52816, PROT_READ|PROT_WRITE, MAP_PRIVATE|MAP_FIXED|MAP_ANONYMOUS, -1, 0) = 0x71929f05d000
1572  close(3)                          = 0
1572  mmap(NULL, 12288, PROT_READ|PROT_WRITE, MAP_PRIVATE|MAP_ANONYMOUS, -1, 0) = 0x71929ee3e000
1572  arch_prctl(ARCH_SET_FS, 0x71929ee3e740) = 0
1572  set_tid_address(0x71929ee3ea10)   = 1572
1572  set_robust_list(0x71929ee3ea20, 24) = 0
1572  rseq(0x71929ee3f0e0, 0x20, 0, 0x53053053) = 0
1572  mprotect(0x71929f057000, 16384, PROT_READ) = 0
1572  mprotect(0x5fc94ebb4000, 4096, PROT_READ) = 0
1572  mprotect(0x71929f0ac000, 8192, PROT_READ) = 0
1572  prlimit64(0, RLIMIT_STACK, NULL, {rlim_cur=8192*1024, rlim_max=RLIM64_INFINITY}) = 0
1572  munmap(0x71929f06a000, 29392)     = 0
1572  execve("./fact", ["./fact", "7", "8"], 0x7ffd03a4a4a0 /* 18 vars */) = 0
1572  brk(NULL)                         = 0x57a05951d000
1572  arch_prctl(0x3001 /* ARCH_??? */, 0x7ffc7f2914b0) = -1 EINVAL (Invalid argument)
1572  mmap(NULL, 8192, PROT_READ|PROT_WRITE, MAP_PRIVATE|MAP_ANONYMOUS, -1, 0) = 0x70dd0ded5000
1572  access("/etc/ld.so.preload", R_OK) = -1 ENOENT (No such file or directory)
1572  openat(AT_FDCWD, "/etc/ld.so.cache", O_RDONLY|O_CLOEXEC) = 3
1572  newfstatat(3, "", {st_mode=S_IFREG|0644, st_size=29392, ...}, AT_EMPTY_PATH) = 0
1572  mmap(NULL, 29392, PROT_READ, MAP_PRIVATE, 3, 0) = 0x70dd0decd000
1572  close(3)                          = 0
1572  openat(AT_FDCWD, "/lib/x86_64-linux-gnu/libc.so.6", O_RDONLY|O_CLOEXEC) = 3
1572  read(3, "\177ELF\2\1\1\3\0\0\0\0\0\0\0\0\3\0>\0\1\0\0\0P\237\2\0\0\0\0\0"..., 832) = 832
1572  pread64(3, "\6\0\0\0\4\0\0\0@\0\0\0\0\0\0\0@\0\0\0\0\0\0\0@\0\0\0\0\0\0\0"..., 784, 64) = 784
1572  pread64(3, "\4\0\0\0 \0\0\0\5\0\0\0GNU\0\2\0\0\300\4\0\0\0\3\0\0\0\0\0\0\0"..., 48, 848) = 48
1572  pread64(3, "\4\0\0\0\24\0\0\0\3\0\0\0GNU\0\325\31p\226\367\t\200\30)\261\30\257\33|\366c"..., 68, 896) = 68
1572  newfstatat(3, "", {st_mode=S_IFREG|0755, st_size=2220400, ...}, AT_EMPTY_PATH) = 0
1572  pread64(3, "\6\0\0\0\4\0\0\0@\0\0\0\0\0\0\0@\0\0\0\0\0\0\0@\0\0\0\0\0\0\0"..., 784, 64) = 784
1572  mmap(NULL, 2264656, PROT_READ, MAP_PRIVATE|MAP_DENYWRITE, 3, 0) = 0x70dd0dca4000
1572  mprotect(0x70dd0dccc000, 2023424, PROT_NONE) = 0
1572  mmap(0x70dd0dccc000, 1658880, PROT_READ|PROT_EXEC, MAP_PRIVATE|MAP_FIXED|MAP_DENYWRITE, 3, 0x28000) = 0x70dd0dccc000
1572  mmap(0x70dd0de61000, 360448, PROT_READ, MAP_PRIVATE|MAP_FIXED|MAP_DENYWRITE, 3, 0x1bd000) = 0x70dd0de61000
1572  mmap(0x70dd0deba000, 24576, PROT_READ|PROT_WRITE, MAP_PRIVATE|MAP_FIXED|MAP_DENYWRITE, 3, 0x215000) = 0x70dd0deba000
1572  mmap(0x70dd0dec0000, 52816, PROT_READ|PROT_WRITE, MAP_PRIVATE|MAP_FIXED|MAP_ANONYMOUS, -1, 0) = 0x70dd0dec0000
1572  close(3)                          = 0
1572  mmap(NULL, 12288, PROT_READ|PROT_WRITE, MAP_PRIVATE|MAP_ANONYMOUS, -1, 0) = 0x70dd0dca1000
1572  arch_prctl(ARCH_SET_FS, 0x70dd0dca1740) = 0
1572  set_tid_address(0x70dd0dca1a10)   = 1572
1572  set_robust_list(0x70dd0dca1a20, 24) = 0
1572  rseq(0x70dd0dca20e0, 0x20, 0, 0x53053053) = 0
1572  mprotect(0x70dd0deba000, 16384, PROT_READ) = 0
1572  mprotect(0x57a02ca0b000, 4096, PROT_READ) = 0
1572  mprotect(0x70dd0df0f000, 8192, PROT_READ) = 0
1572  prlimit64(0, RLIMIT_STACK, NULL, {rlim_cur=8192*1024, rlim_max=RLIM64_INFINITY}) = 0
1572  munmap(0x70dd0decd000, 29392)     = 0
1572  execve("./fact", ["./fact", "6", "56"], 0x7ffc7f291698 /* 18 vars */) = 0
1572  brk(NULL)                         = 0x5719343df000
1572  arch_prctl(0x3001 /* ARCH_??? */, 0x7fff365efa80) = -1 EINVAL (Invalid argument)
1572  mmap(NULL, 8192, PROT_READ|PROT_WRITE, MAP_PRIVATE|MAP_ANONYMOUS, -1, 0) = 0x78005e2f5000
1572  access("/etc/ld.so.preload", R_OK) = -1 ENOENT (No such file or directory)
1572  openat(AT_FDCWD, "/etc/ld.so.cache", O_RDONLY|O_CLOEXEC) = 3
1572  newfstatat(3, "", {st_mode=S_IFREG|0644, st_size=29392, ...}, AT_EMPTY_PATH) = 0
1572  mmap(NULL, 29392, PROT_READ, MAP_PRIVATE, 3, 0) = 0x78005e2ed000
1572  close(3)                          = 0
1572  openat(AT_FDCWD, "/lib/x86_64-linux-gnu/libc.so.6", O_RDONLY|O_CLOEXEC) = 3
1572  read(3, "\177ELF\2\1\1\3\0\0\0\0\0\0\0\0\3\0>\0\1\0\0\0P\237\2\0\0\0\0\0"..., 832) = 832
1572  pread64(3, "\6\0\0\0\4\0\0\0@\0\0\0\0\0\0\0@\0\0\0\0\0\0\0@\0\0\0\0\0\0\0"..., 784, 64) = 784
1572  pread64(3, "\4\0\0\0 \0\0\0\5\0\0\0GNU\0\2\0\0\300\4\0\0\0\3\0\0\0\0\0\0\0"..., 48, 848) = 48
1572  pread64(3, "\4\0\0\0\24\0\0\0\3\0\0\0GNU\0\325\31p\226\367\t\200\30)\261\30\257\33|\366c"..., 68, 896) = 68
1572  newfstatat(3, "", {st_mode=S_IFREG|0755, st_size=2220400, ...}, AT_EMPTY_PATH) = 0
1572  pread64(3, "\6\0\0\0\4\0\0\0@\0\0\0\0\0\0\0@\0\0\0\0\0\0\0@\0\0\0\0\0\0\0"..., 784, 64) = 784
1572  mmap(NULL, 2264656, PROT_READ, MAP_PRIVATE|MAP_DENYWRITE, 3, 0) = 0x78005e0c4000
1572  mprotect(0x78005e0ec000, 2023424, PROT_NONE) = 0
1572  mmap(0x78005e0ec000, 1658880, PROT_READ|PROT_EXEC, MAP_PRIVATE|MAP_FIXED|MAP_DENYWRITE, 3, 0x28000) = 0x78005e0ec000
1572  mmap(0x78005e281000, 360448, PROT_READ, MAP_PRIVATE|MAP_FIXED|MAP_DENYWRITE, 3, 0x1bd000) = 0x78005e281000
1572  mmap(0x78005e2da000, 24576, PROT_READ|PROT_WRITE, MAP_PRIVATE|MAP_FIXED|MAP_DENYWRITE, 3, 0x215000) = 0x78005e2da000
1572  mmap(0x78005e2e0000, 52816, PROT_READ|PROT_WRITE, MAP_PRIVATE|MAP_FIXED|MAP_ANONYMOUS, -1, 0) = 0x78005e2e0000
1572  close(3)                          = 0
1572  mmap(NULL, 12288, PROT_READ|PROT_WRITE, MAP_PRIVATE|MAP_ANONYMOUS, -1, 0) = 0x78005e0c1000
1572  arch_prctl(ARCH_SET_FS, 0x78005e0c1740) = 0
1572  set_tid_address(0x78005e0c1a10)   = 1572
1572  set_robust_list(0x78005e0c1a20, 24) = 0
1572  rseq(0x78005e0c20e0, 0x20, 0, 0x53053053) = 0
1572  mprotect(0x78005e2da000, 16384, PROT_READ) = 0
1572  mprotect(0x57190215c000, 4096, PROT_READ) = 0
1572  mprotect(0x78005e32f000, 8192, PROT_READ) = 0
1572  prlimit64(0, RLIMIT_STACK, NULL, {rlim_cur=8192*1024, rlim_max=RLIM64_INFINITY}) = 0
1572  munmap(0x78005e2ed000, 29392)     = 0
1572  execve("./fact", ["./fact", "5", "336"], 0x7fff365efc68 /* 18 vars */) = 0
1572  brk(NULL)                         = 0x5d82c6a12000
1572  arch_prctl(0x3001 /* ARCH_??? */, 0x7fff46ac9510) = -1 EINVAL (Invalid argument)
1572  mmap(NULL, 8192, PROT_READ|PROT_WRITE, MAP_PRIVATE|MAP_ANONYMOUS, -1, 0) = 0x73e3e97d0000
1572  access("/etc/ld.so.preload", R_OK) = -1 ENOENT (No such file or directory)
1572  openat(AT_FDCWD, "/etc/ld.so.cache", O_RDONLY|O_CLOEXEC) = 3
1572  newfstatat(3, "", {st_mode=S_IFREG|0644, st_size=29392, ...}, AT_EMPTY_PATH) = 0
1572  mmap(NULL, 29392, PROT_READ, MAP_PRIVATE, 3, 0) = 0x73e3e97c8000
1572  close(3)                          = 0
1572  openat(AT_FDCWD, "/lib/x86_64-linux-gnu/libc.so.6", O_RDONLY|O_CLOEXEC) = 3
1572  read(3, "\177ELF\2\1\1\3\0\0\0\0\0\0\0\0\3\0>\0\1\0\0\0P\237\2\0\0\0\0\0"..., 832) = 832
1572  pread64(3, "\6\0\0\0\4\0\0\0@\0\0\0\0\0\0\0@\0\0\0\0\0\0\0@\0\0\0\0\0\0\0"..., 784, 64) = 784
1572  pread64(3, "\4\0\0\0 \0\0\0\5\0\0\0GNU\0\2\0\0\300\4\0\0\0\3\0\0\0\0\0\0\0"..., 48, 848) = 48
1572  pread64(3, "\4\0\0\0\24\0\0\0\3\0\0\0GNU\0\325\31p\226\367\t\200\30)\261\30\257\33|\366c"..., 68, 896) = 68
1572  newfstatat(3, "", {st_mode=S_IFREG|0755, st_size=2220400, ...}, AT_EMPTY_PATH) = 0
1572  pread64(3, "\6\0\0\0\4\0\0\0@\0\0\0\0\0\0\0@\0\0\0\0\0\0\0@\0\0\0\0\0\0\0"..., 784, 64) = 784
1572  mmap(NULL, 2264656, PROT_READ, MAP_PRIVATE|MAP_DENYWRITE, 3, 0) = 0x73e3e959f000
1572  mprotect(0x73e3e95c7000, 2023424, PROT_NONE) = 0
1572  mmap(0x73e3e95c7000, 1658880, PROT_READ|PROT_EXEC, MAP_PRIVATE|MAP_FIXED|MAP_DENYWRITE, 3, 0x28000) = 0x73e3e95c7000
1572  mmap(0x73e3e975c000, 360448, PROT_READ, MAP_PRIVATE|MAP_FIXED|MAP_DENYWRITE, 3, 0x1bd000) = 0x73e3e975c000
1572  mmap(0x73e3e97b5000, 24576, PROT_READ|PROT_WRITE, MAP_PRIVATE|MAP_FIXED|MAP_DENYWRITE, 3, 0x215000) = 0x73e3e97b5000
1572  mmap(0x73e3e97bb000, 52816, PROT_READ|PROT_WRITE, MAP_PRIVATE|MAP_FIXED|MAP_ANONYMOUS, -1, 0) = 0x73e3e97bb000
1572  close(3)                          = 0
1572  mmap(NULL, 12288, PROT_READ|PROT_WRITE, MAP_PRIVATE|MAP_ANONYMOUS, -1, 0) = 0x73e3e959c000
1572  arch_prctl(ARCH_SET_FS, 0x73e3e959c740) = 0
1572  set_tid_address(0x73e3e959ca10)   = 1572
1572  set_robust_list(0x73e3e959ca20, 24) = 0
1572  rseq(0x73e3e959d0e0, 0x20, 0, 0x53053053) = 0
1572  mprotect(0x73e3e97b5000, 16384, PROT_READ) = 0
1572  mprotect(0x5d82aa0b8000, 4096, PROT_READ) = 0
1572  mprotect(0x73e3e980a000, 8192, PROT_READ) = 0
1572  prlimit64(0, RLIMIT_STACK, NULL, {rlim_cur=8192*1024, rlim_max=RLIM64_INFINITY}) = 0
1572  munmap(0x73e3e97c8000, 29392)     = 0
1572  execve("./fact", ["./fact", "4", "1680"], 0x7fff46ac96f8 /* 18 vars */) = 0
1572  brk(NULL)                         = 0x55a970f6a000
1572  arch_prctl(0x3001 /* ARCH_??? */, 0x7fff71c691e0) = -1 EINVAL (Invalid argument)
1572  mmap(NULL, 8192, PROT_READ|PROT_WRITE, MAP_PRIVATE|MAP_ANONYMOUS, -1, 0) = 0x753e2fca2000
1572  access("/etc/ld.so.preload", R_OK) = -1 ENOENT (No such file or directory)
1572  openat(AT_FDCWD, "/etc/ld.so.cache", O_RDONLY|O_CLOEXEC) = 3
1572  newfstatat(3, "", {st_mode=S_IFREG|0644, st_size=29392, ...}, AT_EMPTY_PATH) = 0
1572  mmap(NULL, 29392, PROT_READ, MAP_PRIVATE, 3, 0) = 0x753e2fc9a000
1572  close(3)                          = 0
1572  openat(AT_FDCWD, "/lib/x86_64-linux-gnu/libc.so.6", O_RDONLY|O_CLOEXEC) = 3
1572  read(3, "\177ELF\2\1\1\3\0\0\0\0\0\0\0\0\3\0>\0\1\0\0\0P\237\2\0\0\0\0\0"..., 832) = 832
1572  pread64(3, "\6\0\0\0\4\0\0\0@\0\0\0\0\0\0\0@\0\0\0\0\0\0\0@\0\0\0\0\0\0\0"..., 784, 64) = 784
1572  pread64(3, "\4\0\0\0 \0\0\0\5\0\0\0GNU\0\2\0\0\300\4\0\0\0\3\0\0\0\0\0\0\0"..., 48, 848) = 48
1572  pread64(3, "\4\0\0\0\24\0\0\0\3\0\0\0GNU\0\325\31p\226\367\t\200\30)\261\30\257\33|\366c"..., 68, 896) = 68
1572  newfstatat(3, "", {st_mode=S_IFREG|0755, st_size=2220400, ...}, AT_EMPTY_PATH) = 0
1572  pread64(3, "\6\0\0\0\4\0\0\0@\0\0\0\0\0\0\0@\0\0\0\0\0\0\0@\0\0\0\0\0\0\0"..., 784, 64) = 784
1572  mmap(NULL, 2264656, PROT_READ, MAP_PRIVATE|MAP_DENYWRITE, 3, 0) = 0x753e2fa71000
1572  mprotect(0x753e2fa99000, 2023424, PROT_NONE) = 0
1572  mmap(0x753e2fa99000, 1658880, PROT_READ|PROT_EXEC, MAP_PRIVATE|MAP_FIXED|MAP_DENYWRITE, 3, 0x28000) = 0x753e2fa99000
1572  mmap(0x753e2fc2e000, 360448, PROT_READ, MAP_PRIVATE|MAP_FIXED|MAP_DENYWRITE, 3, 0x1bd000) = 0x753e2fc2e000
1572  mmap(0x753e2fc87000, 24576, PROT_READ|PROT_WRITE, MAP_PRIVATE|MAP_FIXED|MAP_DENYWRITE, 3, 0x215000) = 0x753e2fc87000
1572  mmap(0x753e2fc8d000, 52816, PROT_READ|PROT_WRITE, MAP_PRIVATE|MAP_FIXED|MAP_ANONYMOUS, -1, 0) = 0x753e2fc8d000
1572  close(3)                          = 0
1572  mmap(NULL, 12288, PROT_READ|PROT_WRITE, MAP_PRIVATE|MAP_ANONYMOUS, -1, 0) = 0x753e2fa6e000
1572  arch_prctl(ARCH_SET_FS, 0x753e2fa6e740) = 0
1572  set_tid_address(0x753e2fa6ea10)   = 1572
1572  set_robust_list(0x753e2fa6ea20, 24) = 0
1572  rseq(0x753e2fa6f0e0, 0x20, 0, 0x53053053) = 0
1572  mprotect(0x753e2fc87000, 16384, PROT_READ) = 0
1572  mprotect(0x55a961236000, 4096, PROT_READ) = 0
1572  mprotect(0x753e2fcdc000, 8192, PROT_READ) = 0
1572  prlimit64(0, RLIMIT_STACK, NULL, {rlim_cur=8192*1024, rlim_max=RLIM64_INFINITY}) = 0
1572  munmap(0x753e2fc9a000, 29392)     = 0
1572  execve("./fact", ["./fact", "3", "6720"], 0x7fff71c693c8 /* 18 vars */) = 0
1572  brk(NULL)                         = 0x6102db0ed000
1572  arch_prctl(0x3001 /* ARCH_??? */, 0x7ffc3dba3aa0) = -1 EINVAL (Invalid argument)
1572  mmap(NULL, 8192, PROT_READ|PROT_WRITE, MAP_PRIVATE|MAP_ANONYMOUS, -1, 0) = 0x73a5dac4f000
1572  access("/etc/ld.so.preload", R_OK) = -1 ENOENT (No such file or directory)
1572  openat(AT_FDCWD, "/etc/ld.so.cache", O_RDONLY|O_CLOEXEC) = 3
1572  newfstatat(3, "", {st_mode=S_IFREG|0644, st_size=29392, ...}, AT_EMPTY_PATH) = 0
1572  mmap(NULL, 29392, PROT_READ, MAP_PRIVATE, 3, 0) = 0x73a5dac47000
1572  close(3)                          = 0
1572  openat(AT_FDCWD, "/lib/x86_64-linux-gnu/libc.so.6", O_RDONLY|O_CLOEXEC) = 3
1572  read(3, "\177ELF\2\1\1\3\0\0\0\0\0\0\0\0\3\0>\0\1\0\0\0P\237\2\0\0\0\0\0"..., 832) = 832
1572  pread64(3, "\6\0\0\0\4\0\0\0@\0\0\0\0\0\0\0@\0\0\0\0\0\0\0@\0\0\0\0\0\0\0"..., 784, 64) = 784
1572  pread64(3, "\4\0\0\0 \0\0\0\5\0\0\0GNU\0\2\0\0\300\4\0\0\0\3\0\0\0\0\0\0\0"..., 48, 848) = 48
1572  pread64(3, "\4\0\0\0\24\0\0\0\3\0\0\0GNU\0\325\31p\226\367\t\200\30)\261\30\257\33|\366c"..., 68, 896) = 68
1572  newfstatat(3, "", {st_mode=S_IFREG|0755, st_size=2220400, ...}, AT_EMPTY_PATH) = 0
1572  pread64(3, "\6\0\0\0\4\0\0\0@\0\0\0\0\0\0\0@\0\0\0\0\0\0\0@\0\0\0\0\0\0\0"..., 784, 64) = 784
1572  mmap(NULL, 2264656, PROT_READ, MAP_PRIVATE|MAP_DENYWRITE, 3, 0) = 0x73a5daa1e000
1572  mprotect(0x73a5daa46000, 2023424, PROT_NONE) = 0
1572  mmap(0x73a5daa46000, 1658880, PROT_READ|PROT_EXEC, MAP_PRIVATE|MAP_FIXED|MAP_DENYWRITE, 3, 0x28000) = 0x73a5daa46000
1572  mmap(0x73a5dabdb000, 360448, PROT_READ, MAP_PRIVATE|MAP_FIXED|MAP_DENYWRITE, 3, 0x1bd000) = 0x73a5dabdb000
1572  mmap(0x73a5dac34000, 24576, PROT_READ|PROT_WRITE, MAP_PRIVATE|MAP_FIXED|MAP_DENYWRITE, 3, 0x215000) = 0x73a5dac34000
1572  mmap(0x73a5dac3a000, 52816, PROT_READ|PROT_WRITE, MAP_PRIVATE|MAP_FIXED|MAP_ANONYMOUS, -1, 0) = 0x73a5dac3a000
1572  close(3)                          = 0
1572  mmap(NULL, 12288, PROT_READ|PROT_WRITE, MAP_PRIVATE|MAP_ANONYMOUS, -1, 0) = 0x73a5daa1b000
1572  arch_prctl(ARCH_SET_FS, 0x73a5daa1b740) = 0
1572  set_tid_address(0x73a5daa1ba10)   = 1572
1572  set_robust_list(0x73a5daa1ba20, 24) = 0
1572  rseq(0x73a5daa1c0e0, 0x20, 0, 0x53053053) = 0
1572  mprotect(0x73a5dac34000, 16384, PROT_READ) = 0
1572  mprotect(0x6102c779a000, 4096, PROT_READ) = 0
1572  mprotect(0x73a5dac89000, 8192, PROT_READ) = 0
1572  prlimit64(0, RLIMIT_STACK, NULL, {rlim_cur=8192*1024, rlim_max=RLIM64_INFINITY}) = 0
1572  munmap(0x73a5dac47000, 29392)     = 0
1572  execve("./fact", ["./fact", "2", "20160"], 0x7ffc3dba3c88 /* 18 vars */) = 0
1572  brk(NULL)                         = 0x568b2c3a9000
1572  arch_prctl(0x3001 /* ARCH_??? */, 0x7ffe3977e260) = -1 EINVAL (Invalid argument)
1572  mmap(NULL, 8192, PROT_READ|PROT_WRITE, MAP_PRIVATE|MAP_ANONYMOUS, -1, 0) = 0x7fe487afa000
1572  access("/etc/ld.so.preload", R_OK) = -1 ENOENT (No such file or directory)
1572  openat(AT_FDCWD, "/etc/ld.so.cache", O_RDONLY|O_CLOEXEC) = 3
1572  newfstatat(3, "", {st_mode=S_IFREG|0644, st_size=29392, ...}, AT_EMPTY_PATH) = 0
1572  mmap(NULL, 29392, PROT_READ, MAP_PRIVATE, 3, 0) = 0x7fe487af2000
1572  close(3)                          = 0
1572  openat(AT_FDCWD, "/lib/x86_64-linux-gnu/libc.so.6", O_RDONLY|O_CLOEXEC) = 3
1572  read(3, "\177ELF\2\1\1\3\0\0\0\0\0\0\0\0\3\0>\0\1\0\0\0P\237\2\0\0\0\0\0"..., 832) = 832
1572  pread64(3, "\6\0\0\0\4\0\0\0@\0\0\0\0\0\0\0@\0\0\0\0\0\0\0@\0\0\0\0\0\0\0"..., 784, 64) = 784
1572  pread64(3, "\4\0\0\0 \0\0\0\5\0\0\0GNU\0\2\0\0\300\4\0\0\0\3\0\0\0\0\0\0\0"..., 48, 848) = 48
1572  pread64(3, "\4\0\0\0\24\0\0\0\3\0\0\0GNU\0\325\31p\226\367\t\200\30)\261\30\257\33|\366c"..., 68, 896) = 68
1572  newfstatat(3, "", {st_mode=S_IFREG|0755, st_size=2220400, ...}, AT_EMPTY_PATH) = 0
1572  pread64(3, "\6\0\0\0\4\0\0\0@\0\0\0\0\0\0\0@\0\0\0\0\0\0\0@\0\0\0\0\0\0\0"..., 784, 64) = 784
1572  mmap(NULL, 2264656, PROT_READ, MAP_PRIVATE|MAP_DENYWRITE, 3, 0) = 0x7fe4878c9000
1572  mprotect(0x7fe4878f1000, 2023424, PROT_NONE) = 0
1572  mmap(0x7fe4878f1000, 1658880, PROT_READ|PROT_EXEC, MAP_PRIVATE|MAP_FIXED|MAP_DENYWRITE, 3, 0x28000) = 0x7fe4878f1000
1572  mmap(0x7fe487a86000, 360448, PROT_READ, MAP_PRIVATE|MAP_FIXED|MAP_DENYWRITE, 3, 0x1bd000) = 0x7fe487a86000
1572  mmap(0x7fe487adf000, 24576, PROT_READ|PROT_WRITE, MAP_PRIVATE|MAP_FIXED|MAP_DENYWRITE, 3, 0x215000) = 0x7fe487adf000
1572  mmap(0x7fe487ae5000, 52816, PROT_READ|PROT_WRITE, MAP_PRIVATE|MAP_FIXED|MAP_ANONYMOUS, -1, 0) = 0x7fe487ae5000
1572  close(3)                          = 0
1572  mmap(NULL, 12288, PROT_READ|PROT_WRITE, MAP_PRIVATE|MAP_ANONYMOUS, -1, 0) = 0x7fe4878c6000
1572  arch_prctl(ARCH_SET_FS, 0x7fe4878c6740) = 0
1572  set_tid_address(0x7fe4878c6a10)   = 1572
1572  set_robust_list(0x7fe4878c6a20, 24) = 0
1572  rseq(0x7fe4878c70e0, 0x20, 0, 0x53053053) = 0
1572  mprotect(0x7fe487adf000, 16384, PROT_READ) = 0
1572  mprotect(0x568af0c37000, 4096, PROT_READ) = 0
1572  mprotect(0x7fe487b34000, 8192, PROT_READ) = 0
1572  prlimit64(0, RLIMIT_STACK, NULL, {rlim_cur=8192*1024, rlim_max=RLIM64_INFINITY}) = 0
1572  munmap(0x7fe487af2000, 29392)     = 0
1572  newfstatat(1, "", {st_mode=S_IFIFO|0600, st_size=0, ...}, AT_EMPTY_PATH) = 0
1572  getrandom("\x34\xe5\x4f\xeb\x2c\xe2\x34\x07", 8, GRND_NONBLOCK) = 8
1572  brk(NULL)                         = 0x568b2c3a9000
1572  brk(0x568b2c3ca000)               = 0x568b2c3ca000
1572  write(1, "40320\n", 6)            = 6
1572  exit_group(0)                     = ?
1572  +++ exited with 0 +++
