1691  execve("./encdrv", ["./encdrv", "testcases/testcase.4", "output/output.4"], 0x7ffe066a3ec8 /* 18 vars */) = 0
1691  brk(NULL)                         = 0x5f85b132d000
1691  arch_prctl(0x3001 /* ARCH_??? */, 0x7fff8fe67270) = -1 EINVAL (Invalid argument)
1691  mmap(NULL, 8192, PROT_READ|PROT_WRITE, MAP_PRIVATE|MAP_ANONYMOUS, -1, 0) = 0x769d488eb000
1691  access("/etc/ld.so.preload", R_OK) = -1 ENOENT (No such file or directory)
1691  openat(AT_FDCWD, "/etc/ld.so.cache", O_RDONLY|O_CLOEXEC) = 3
1691  newfstatat(3, "", {st_mode=S_IFREG|0644, st_size=29392, ...}, AT_EMPTY_PATH) = 0
1691  mmap(NULL, 29392, PROT_READ, MAP_PRIVATE, 3, 0) = 0x769d488e3000
1691  close(3)                          = 0
1691  openat(AT_FDCWD, "/lib/x86_64-linux-gnu/libc.so.6", O_RDONLY|O_CLOEXEC) = 3
1691  read(3, "\177ELF\2\1\1\3\0\0\0\0\0\0\0\0\3\0>\0\1\0\0\0P\237\2\0\0\0\0\0"..., 832) = 832
1691  pread64(3, "\6\0\0\0\4\0\0\0@\0\0\0\0\0\0\0@\0\0\0\0\0\0\0@\0\0\0\0\0\0\0"..., 784, 64) = 784
1691  pread64(3, "\4\0\0\0 \0\0\0\5\0\0\0GNU\0\2\0\0\300\4\0\0\0\3\0\0\0\0\0\0\0"..., 48, 848) = 48
1691  pread64(3, "\4\0\0\0\24\0\0\0\3\0\0\0GNU\0\325\31p\226\367\t\200\30)\261\30\257\33|\366c"..., 68, 896) = 68
1691  newfstatat(3, "", {st_mode=S_IFREG|0755, st_size=2220400, ...}, AT_EMPTY_PATH) = 0
1691  pread64(3, "\6\0\0\0\4\0\0\0@\0\0\0\0\0\0\0@\0\0\0\0\0\0\0@\0\0\0\0\0\0\0"..., 784, 64) = 784
1691  mmap(NULL, 2264656, PROT_READ, MAP_PRIVATE|MAP_DENYWRITE, 3, 0) = 0x769d486ba000
1691  mprotect(0x769d486e2000, 2023424, PROT_NONE) = 0
1691  mmap(0x769d486e2000, 1658880, PROT_READ|PROT_EXEC, MAP_PRIVATE|MAP_FIXED|MAP_DENYWRITE, 3, 0x28000) = 0x769d486e2000
1691  mmap(0x769d48877000, 360448, PROT_READ, MAP_PRIVATE|MAP_FIXED|MAP_DENYWRITE, 3, 0x1bd000) = 0x769d48877000
1691  mmap(0x769d488d0000, 24576, PROT_READ|PROT_WRITE, MAP_PRIVATE|MAP_FIXED|MAP_DENYWRITE, 3, 0x215000) = 0x769d488d0000
1691  mmap(0x769d488d6000, 52816, PROT_READ|PROT_WRITE, MAP_PRIVATE|MAP_FIXED|MAP_ANONYMOUS, -1, 0) = 0x769d488d6000
1691  close(3)                          = 0
1691  mmap(NULL, 12288, PROT_READ|PROT_WRITE, MAP_PRIVATE|MAP_ANONYMOUS, -1, 0) = 0x769d486b7000
1691  arch_prctl(ARCH_SET_FS, 0x769d486b7740) = 0
1691  set_tid_address(0x769d486b7a10)   = 1691
1691  set_robust_list(0x769d486b7a20, 24) = 0
1691  rseq(0x769d486b80e0, 0x20, 0, 0x53053053) = 0
1691  mprotect(0x769d488d0000, 16384, PROT_READ) = 0
1691  mprotect(0x5f858411c000, 4096, PROT_READ) = 0
1691  mprotect(0x769d48925000, 8192, PROT_READ) = 0
1691  prlimit64(0, RLIMIT_STACK, NULL, {rlim_cur=8192*1024, rlim_max=RLIM64_INFINITY}) = 0
1691  munmap(0x769d488e3000, 29392)     = 0
1691  openat(AT_FDCWD, "testcases/testcase.4", O_RDONLY) = 3
1691  openat(AT_FDCWD, "output/output.4", O_WRONLY|O_CREAT|O_TRUNC, 0666) = 4
1691  pipe2([5, 6], 0)                  = 0
1691  pipe2([7, 8], 0)                  = 0
1691  clone(child_stack=NULL, flags=CLONE_CHILD_CLEARTID|CLONE_CHILD_SETTID|SIGCHLD, child_tidptr=0x769d486b7a10) = 1692
1691  close(5)                          = 0
1691  close(8)                          = 0
1691  getrandom("\x1a\x14\x9c\x0b\x58\x29\x22\x51", 8, GRND_NONBLOCK) = 8
1691  brk(NULL <unfinished ...>
1692  set_robust_list(0x769d486b7a20, 24 <unfinished ...>
1691  <... brk resumed>)                = 0x5f85b132d000
1691  brk(0x5f85b134e000)               = 0x5f85b134e000
1691  read(3, "all: encdrv encrypt decrypt\n\nenc"..., 1000) = 212
1692  <... set_robust_list resumed>)    = 0
1691  write(6, "28\n", 3)               = 3
1691  write(6, "all: encdrv encrypt decrypt\n", 28) = 28
1691  write(6, "1\n", 2 <unfinished ...>
1692  dup2(5, 0 <unfinished ...>
1691  <... write resumed>)              = 2
1691  write(6, "\n", 1)                 = 1
1691  write(6, "18\n", 3)               = 3
1692  <... dup2 resumed>)               = 0
1691  write(6, "encrypt:encrypt.c\n", 18) = 18
1692  dup2(8, 1 <unfinished ...>
1691  write(6, "26\n", 3)               = 3
1691  write(6, "\tgcc encrypt.c -o encrypt\n", 26) = 26
1692  <... dup2 resumed>)               = 1
1691  write(6, "1\n", 2 <unfinished ...>
1692  close(5 <unfinished ...>
1691  <... write resumed>)              = 2
1692  <... close resumed>)              = 0
1691  write(6, "\n", 1 <unfinished ...>
1692  close(6 <unfinished ...>
1691  <... write resumed>)              = 1
1692  <... close resumed>)              = 0
1691  write(6, "18\n", 3 <unfinished ...>
1692  close(7 <unfinished ...>
1691  <... write resumed>)              = 3
1692  <... close resumed>)              = 0
1691  write(6, "decrypt:decrypt.c\n", 18 <unfinished ...>
1692  close(8 <unfinished ...>
1691  <... write resumed>)              = 18
1692  <... close resumed>)              = 0
1691  write(6, "26\n", 3 <unfinished ...>
1692  execve("./encrypt", ["encrypt"], 0x7fff8fe67458 /* 18 vars */ <unfinished ...>
1691  <... write resumed>)              = 3
1691  write(6, "\tgcc decrypt.c -o decrypt\n", 26) = 26
1691  write(6, "1\n", 2)                = 2
1691  write(6, "\n", 1)                 = 1
1691  write(6, "16\n", 3)               = 3
1691  write(6, "encdrv:encdrv.c\n", 16) = 16
1691  write(6, "24\n", 3)               = 3
1692  <... execve resumed>)             = 0
1691  write(6, "\tgcc encdrv.c -o encdrv\n", 24) = 24
1691  write(6, "7\n", 2 <unfinished ...>
1692  brk(NULL <unfinished ...>
1691  <... write resumed>)              = 2
1692  <... brk resumed>)                = 0x5bfa48d17000
1691  write(6, "clean:\n", 7)           = 7
1692  arch_prctl(0x3001 /* ARCH_??? */, 0x7ffecb586c00 <unfinished ...>
1691  write(6, "30\n", 3 <unfinished ...>
1692  <... arch_prctl resumed>)         = -1 EINVAL (Invalid argument)
1691  <... write resumed>)              = 3
1691  write(6, "\trm -f encdrv encrypt decrypt\n", 30 <unfinished ...>
1692  mmap(NULL, 8192, PROT_READ|PROT_WRITE, MAP_PRIVATE|MAP_ANONYMOUS, -1, 0 <unfinished ...>
1691  <... write resumed>)              = 30
1692  <... mmap resumed>)               = 0x7c28aa785000
1691  write(6, "1\n", 2 <unfinished ...>
1692  access("/etc/ld.so.preload", R_OK <unfinished ...>
1691  <... write resumed>)              = 2
1692  <... access resumed>)             = -1 ENOENT (No such file or directory)
1691  write(6, "\n", 1 <unfinished ...>
1692  openat(AT_FDCWD, "/etc/ld.so.cache", O_RDONLY|O_CLOEXEC <unfinished ...>
1691  <... write resumed>)              = 1
1691  write(6, "5\n", 2 <unfinished ...>
1692  <... openat resumed>)             = 5
1691  <... write resumed>)              = 2
1692  newfstatat(5, "",  <unfinished ...>
1691  write(6, "\t\t\t\t\n", 5 <unfinished ...>
1692  <... newfstatat resumed>{st_mode=S_IFREG|0644, st_size=29392, ...}, AT_EMPTY_PATH) = 0
1691  <... write resumed>)              = 5
1692  mmap(NULL, 29392, PROT_READ, MAP_PRIVATE, 5, 0 <unfinished ...>
1691  write(6, "1\n", 2 <unfinished ...>
1692  <... mmap resumed>)               = 0x7c28aa77d000
1691  <... write resumed>)              = 2
1692  close(5 <unfinished ...>
1691  write(6, "\n", 1 <unfinished ...>
1692  <... close resumed>)              = 0
1691  <... write resumed>)              = 1
1691  write(6, "1\n", 2 <unfinished ...>
1692  openat(AT_FDCWD, "/lib/x86_64-linux-gnu/libc.so.6", O_RDONLY|O_CLOEXEC <unfinished ...>
1691  <... write resumed>)              = 2
1691  write(6, "\n", 1 <unfinished ...>
1692  <... openat resumed>)             = 5
1691  <... write resumed>)              = 1
1692  read(5,  <unfinished ...>
1691  write(6, "1\n", 2 <unfinished ...>
1692  <... read resumed>"\177ELF\2\1\1\3\0\0\0\0\0\0\0\0\3\0>\0\1\0\0\0P\237\2\0\0\0\0\0"..., 832) = 832
1691  <... write resumed>)              = 2
1692  pread64(5,  <unfinished ...>
1691  write(6, "\n", 1 <unfinished ...>
1692  <... pread64 resumed>"\6\0\0\0\4\0\0\0@\0\0\0\0\0\0\0@\0\0\0\0\0\0\0@\0\0\0\0\0\0\0"..., 784, 64) = 784
1691  <... write resumed>)              = 1
1692  pread64(5,  <unfinished ...>
1691  write(6, "4\n", 2 <unfinished ...>
1692  <... pread64 resumed>"\4\0\0\0 \0\0\0\5\0\0\0GNU\0\2\0\0\300\4\0\0\0\3\0\0\0\0\0\0\0"..., 48, 848) = 48
1691  <... write resumed>)              = 2
1692  pread64(5,  <unfinished ...>
1691  write(6, "\t\t\t\n", 4 <unfinished ...>
1692  <... pread64 resumed>"\4\0\0\0\24\0\0\0\3\0\0\0GNU\0\325\31p\226\367\t\200\30)\261\30\257\33|\366c"..., 68, 896) = 68
1691  <... write resumed>)              = 4
1692  newfstatat(5, "",  <unfinished ...>
1691  write(6, "1\n", 2 <unfinished ...>
1692  <... newfstatat resumed>{st_mode=S_IFREG|0755, st_size=2220400, ...}, AT_EMPTY_PATH) = 0
1691  <... write resumed>)              = 2
1692  pread64(5,  <unfinished ...>
1691  write(6, "\n", 1 <unfinished ...>
1692  <... pread64 resumed>"\6\0\0\0\4\0\0\0@\0\0\0\0\0\0\0@\0\0\0\0\0\0\0@\0\0\0\0\0\0\0"..., 784, 64) = 784
1691  <... write resumed>)              = 1
1692  mmap(NULL, 2264656, PROT_READ, MAP_PRIVATE|MAP_DENYWRITE, 5, 0 <unfinished ...>
1691  write(6, "1\n", 2 <unfinished ...>
1692  <... mmap resumed>)               = 0x7c28aa554000
1691  <... write resumed>)              = 2
1692  mprotect(0x7c28aa57c000, 2023424, PROT_NONE <unfinished ...>
1691  write(6, "\n", 1 <unfinished ...>
1692  <... mprotect resumed>)           = 0
1691  <... write resumed>)              = 1
1692  mmap(0x7c28aa57c000, 1658880, PROT_READ|PROT_EXEC, MAP_PRIVATE|MAP_FIXED|MAP_DENYWRITE, 5, 0x28000 <unfinished ...>
1691  write(6, "1\n", 2)                = 2
1692  <... mmap resumed>)               = 0x7c28aa57c000
1691  write(6, "\n", 1 <unfinished ...>
1692  mmap(0x7c28aa711000, 360448, PROT_READ, MAP_PRIVATE|MAP_FIXED|MAP_DENYWRITE, 5, 0x1bd000 <unfinished ...>
1691  <... write resumed>)              = 1
1692  <... mmap resumed>)               = 0x7c28aa711000
1691  read(3,  <unfinished ...>
1692  mmap(0x7c28aa76a000, 24576, PROT_READ|PROT_WRITE, MAP_PRIVATE|MAP_FIXED|MAP_DENYWRITE, 5, 0x215000 <unfinished ...>
1691  <... read resumed>"", 1000)       = 0
1691  close(6 <unfinished ...>
1692  <... mmap resumed>)               = 0x7c28aa76a000
1691  <... close resumed>)              = 0
1691  close(3 <unfinished ...>
1692  mmap(0x7c28aa770000, 52816, PROT_READ|PROT_WRITE, MAP_PRIVATE|MAP_FIXED|MAP_ANONYMOUS, -1, 0 <unfinished ...>
1691  <... close resumed>)              = 0
1692  <... mmap resumed>)               = 0x7c28aa770000
1691  read(7,  <unfinished ...>
1692  close(5)                          = 0
1692  mmap(NULL, 12288, PROT_READ|PROT_WRITE, MAP_PRIVATE|MAP_ANONYMOUS, -1, 0) = 0x7c28aa551000
1692  arch_prctl(ARCH_SET_FS, 0x7c28aa551740) = 0
1692  set_tid_address(0x7c28aa551a10)   = 1692
1692  set_robust_list(0x7c28aa551a20, 24) = 0
1692  rseq(0x7c28aa5520e0, 0x20, 0, 0x53053053) = 0
1692  mprotect(0x7c28aa76a000, 16384, PROT_READ) = 0
1692  mprotect(0x5bfa13b38000, 4096, PROT_READ) = 0
1692  mprotect(0x7c28aa7bf000, 8192, PROT_READ) = 0
1692  prlimit64(0, RLIMIT_STACK, NULL, {rlim_cur=8192*1024, rlim_max=RLIM64_INFINITY}) = 0
1692  munmap(0x7c28aa77d000, 29392)     = 0
1692  newfstatat(0, "", {st_mode=S_IFIFO|0600, st_size=0, ...}, AT_EMPTY_PATH) = 0
1692  getrandom("\xa7\x65\x61\xfe\x1f\x2f\xdd\x55", 8, GRND_NONBLOCK) = 8
1692  brk(NULL)                         = 0x5bfa48d17000
1692  brk(0x5bfa48d38000)               = 0x5bfa48d38000
1692  read(0, "28\nall: encdrv encrypt decrypt\n1"..., 4096) = 262
1692  newfstatat(1, "", {st_mode=S_IFIFO|0600, st_size=0, ...}, AT_EMPTY_PATH) = 0
1692  write(1, "28\n}pp&<yr\177xnj<yr\177nelh<xy\177nelh\26", 31 <unfinished ...>
1691  <... read resumed>"28\n}pp&<yr\177xnj<yr\177nelh<xy\177nelh\26", 1000) = 31
1692  <... write resumed>)              = 31
1691  write(4, "28\n}pp&<yr\177xnj<yr\177nelh<xy\177nelh\26", 31 <unfinished ...>
1692  write(1, "1\n\v", 3)              = 3
1691  <... write resumed>)              = 31
1692  write(1, "18\nw|q`kbf(w|q`kbf<q\30", 21 <unfinished ...>
1691  read(7,  <unfinished ...>
1692  <... write resumed>)              = 21
1691  <... read resumed>"1\n\v18\nw|q`kbf(w|q`kbf<q\30", 1000) = 24
1692  write(1, "26\n\23}yy:\177tyhcjn4y:7u:\177tyhcjn\20", 29 <unfinished ...>
1691  write(4, "1\n\v18\nw|q`kbf(w|q`kbf<q\30", 24 <unfinished ...>
1692  <... write resumed>)              = 29
1691  <... write resumed>)              = 24
1692  write(1, "1\n\v", 3 <unfinished ...>
1691  read(7,  <unfinished ...>
1692  <... write resumed>)              = 3
1691  <... read resumed>"26\n\23}yy:\177tyhcjn4y:7u:\177tyhcjn\0201\n\v", 1000) = 32
1692  write(1, "18\nvwq`kbf(vwq`kbf<q\30", 21 <unfinished ...>
1691  write(4, "26\n\23}yy:\177tyhcjn4y:7u:\177tyhcjn\0201\n\v", 32 <unfinished ...>
1692  <... write resumed>)              = 21
1691  <... write resumed>)              = 32
1692  write(1, "26\n\23}yy:~\177yhcjn4y:7u:~\177yhcjn\20", 29 <unfinished ...>
1691  read(7,  <unfinished ...>
1692  <... write resumed>)              = 29
1691  <... read resumed>"18\nvwq`kbf(vwq`kbf<q\03026\n\23}yy:~\177y"..., 1000) = 50
1692  write(1, "1\n\v", 3 <unfinished ...>
1691  write(4, "18\nvwq`kbf(vwq`kbf<q\03026\n\23}yy:~\177y"..., 50 <unfinished ...>
1692  <... write resumed>)              = 3
1691  <... write resumed>)              = 50
1692  write(1, "16\nu~stbf*u~stbf>s\32", 19 <unfinished ...>
1691  read(7,  <unfinished ...>
1692  <... write resumed>)              = 19
1691  <... read resumed>"1\n\v16\nu~stbf*u~stbf>s\32", 1000) = 22
1692  write(1, "24\n\21\177{{8}v{|jn6{85w8}v{|jn\22", 27 <unfinished ...>
1691  write(4, "1\n\v16\nu~stbf*u~stbf>s\32", 22 <unfinished ...>
1692  <... write resumed>)              = 27
1691  <... write resumed>)              = 22
1692  write(1, "7\ndkbfi=\r", 9 <unfinished ...>
1691  read(7,  <unfinished ...>
1692  <... write resumed>)              = 9
1691  <... read resumed>"24\n\21\177{{8}v{|jn6{85w8}v{|jn\0227\ndkb"..., 1000) = 36
1692  write(1, "30\n\27ls>3x>{p}zlh>{p}lgnj>z{}lgnj"..., 33 <unfinished ...>
1691  write(4, "24\n\21\177{{8}v{|jn6{85w8}v{|jn\0227\ndkb"..., 36 <unfinished ...>
1692  <... write resumed>)              = 33
1691  <... write resumed>)              = 36
1692  write(1, "1\n\v", 3 <unfinished ...>
1691  read(7,  <unfinished ...>
1692  <... write resumed>)              = 3
1691  <... read resumed>"30\n\27ls>3x>{p}zlh>{p}lgnj>z{}lgnj"..., 1000) = 36
1692  write(1, "5\n\f\f\f\f\17", 7 <unfinished ...>
1691  write(4, "30\n\27ls>3x>{p}zlh>{p}lgnj>z{}lgnj"..., 36 <unfinished ...>
1692  <... write resumed>)              = 7
1691  <... write resumed>)              = 36
1692  write(1, "1\n\v", 3 <unfinished ...>
1691  read(7,  <unfinished ...>
1692  <... write resumed>)              = 3
1691  <... read resumed>"5\n\f\f\f\f\0171\n\v", 1000) = 10
1692  write(1, "1\n\v", 3 <unfinished ...>
1691  write(4, "5\n\f\f\f\f\0171\n\v", 10 <unfinished ...>
1692  <... write resumed>)              = 3
1691  <... write resumed>)              = 10
1692  write(1, "1\n\v", 3 <unfinished ...>
1691  read(7,  <unfinished ...>
1692  <... write resumed>)              = 3
1691  <... read resumed>"1\n\v1\n\v", 1000) = 6
1692  write(1, "4\n\r\r\r\16", 6 <unfinished ...>
1691  write(4, "1\n\v1\n\v", 6 <unfinished ...>
1692  <... write resumed>)              = 6
1691  <... write resumed>)              = 6
1692  write(1, "1\n\v", 3 <unfinished ...>
1691  read(7,  <unfinished ...>
1692  <... write resumed>)              = 3
1691  <... read resumed>"4\n\r\r\r\0161\n\v", 1000) = 9
1692  write(1, "1\n\v", 3 <unfinished ...>
1691  write(4, "4\n\r\r\r\0161\n\v", 9 <unfinished ...>
1692  <... write resumed>)              = 3
1691  <... write resumed>)              = 9
1692  write(1, "1\n\v", 3 <unfinished ...>
1691  read(7,  <unfinished ...>
1692  <... write resumed>)              = 3
1691  <... read resumed>"1\n\v1\n\v", 1000) = 6
1692  read(0,  <unfinished ...>
1691  write(4, "1\n\v1\n\v", 6 <unfinished ...>
1692  <... read resumed>"", 4096)       = 0
1691  <... write resumed>)              = 6
1691  read(7,  <unfinished ...>
1692  exit_group(0)                     = ?
1691  <... read resumed>"", 1000)       = 0
1692  +++ exited with 0 +++
1691  --- SIGCHLD {si_signo=SIGCHLD, si_code=CLD_EXITED, si_pid=1692, si_uid=1000, si_status=0, si_utime=0, si_stime=0} ---
1691  close(4)                          = 0
1691  close(7)                          = 0
1691  exit_group(0)                     = ?
1691  +++ exited with 0 +++
