1742  execve("./cprime", ["./cprime", "500000", "4", "2"], 0x7ffca1bf3e70 /* 18 vars */) = 0
1742  brk(NULL)                         = 0x63045818c000
1742  arch_prctl(0x3001 /* ARCH_??? */, 0x7ffdbc792910) = -1 EINVAL (Invalid argument)
1742  mmap(NULL, 8192, PROT_READ|PROT_WRITE, MAP_PRIVATE|MAP_ANONYMOUS, -1, 0) = 0x749f175ff000
1742  access("/etc/ld.so.preload", R_OK) = -1 ENOENT (No such file or directory)
1742  openat(AT_FDCWD, "/etc/ld.so.cache", O_RDONLY|O_CLOEXEC) = 3
1742  newfstatat(3, "", {st_mode=S_IFREG|0644, st_size=29392, ...}, AT_EMPTY_PATH) = 0
1742  mmap(NULL, 29392, PROT_READ, MAP_PRIVATE, 3, 0) = 0x749f175f7000
1742  close(3)                          = 0
1742  openat(AT_FDCWD, "/lib/x86_64-linux-gnu/libm.so.6", O_RDONLY|O_CLOEXEC) = 3
1742  read(3, "\177ELF\2\1\1\3\0\0\0\0\0\0\0\0\3\0>\0\1\0\0\0\0\0\0\0\0\0\0\0"..., 832) = 832
1742  newfstatat(3, "", {st_mode=S_IFREG|0644, st_size=940560, ...}, AT_EMPTY_PATH) = 0
1742  mmap(NULL, 942344, PROT_READ, MAP_PRIVATE|MAP_DENYWRITE, 3, 0) = 0x749f17510000
1742  mmap(0x749f1751e000, 507904, PROT_READ|PROT_EXEC, MAP_PRIVATE|MAP_FIXED|MAP_DENYWRITE, 3, 0xe000) = 0x749f1751e000
1742  mmap(0x749f1759a000, 372736, PROT_READ, MAP_PRIVATE|MAP_FIXED|MAP_DENYWRITE, 3, 0x8a000) = 0x749f1759a000
1742  mmap(0x749f175f5000, 8192, PROT_READ|PROT_WRITE, MAP_PRIVATE|MAP_FIXED|MAP_DENYWRITE, 3, 0xe4000) = 0x749f175f5000
1742  close(3)                          = 0
1742  openat(AT_FDCWD, "/lib/x86_64-linux-gnu/libc.so.6", O_RDONLY|O_CLOEXEC) = 3
1742  read(3, "\177ELF\2\1\1\3\0\0\0\0\0\0\0\0\3\0>\0\1\0\0\0P\237\2\0\0\0\0\0"..., 832) = 832
1742  pread64(3, "\6\0\0\0\4\0\0\0@\0\0\0\0\0\0\0@\0\0\0\0\0\0\0@\0\0\0\0\0\0\0"..., 784, 64) = 784
1742  pread64(3, "\4\0\0\0 \0\0\0\5\0\0\0GNU\0\2\0\0\300\4\0\0\0\3\0\0\0\0\0\0\0"..., 48, 848) = 48
1742  pread64(3, "\4\0\0\0\24\0\0\0\3\0\0\0GNU\0\325\31p\226\367\t\200\30)\261\30\257\33|\366c"..., 68, 896) = 68
1742  newfstatat(3, "", {st_mode=S_IFREG|0755, st_size=2220400, ...}, AT_EMPTY_PATH) = 0
1742  pread64(3, "\6\0\0\0\4\0\0\0@\0\0\0\0\0\0\0@\0\0\0\0\0\0\0@\0\0\0\0\0\0\0"..., 784, 64) = 784
1742  mmap(NULL, 2264656, PROT_READ, MAP_PRIVATE|MAP_DENYWRITE, 3, 0) = 0x749f172e7000
1742  mprotect(0x749f1730f000, 2023424, PROT_NONE) = 0
1742  mmap(0x749f1730f000, 1658880, PROT_READ|PROT_EXEC, MAP_PRIVATE|MAP_FIXED|MAP_DENYWRITE, 3, 0x28000) = 0x749f1730f000
1742  mmap(0x749f174a4000, 360448, PROT_READ, MAP_PRIVATE|MAP_FIXED|MAP_DENYWRITE, 3, 0x1bd000) = 0x749f174a4000
1742  mmap(0x749f174fd000, 24576, PROT_READ|PROT_WRITE, MAP_PRIVATE|MAP_FIXED|MAP_DENYWRITE, 3, 0x215000) = 0x749f174fd000
1742  mmap(0x749f17503000, 52816, PROT_READ|PROT_WRITE, MAP_PRIVATE|MAP_FIXED|MAP_ANONYMOUS, -1, 0) = 0x749f17503000
1742  close(3)                          = 0
1742  mmap(NULL, 12288, PROT_READ|PROT_WRITE, MAP_PRIVATE|MAP_ANONYMOUS, -1, 0) = 0x749f172e4000
1742  arch_prctl(ARCH_SET_FS, 0x749f172e4740) = 0
1742  set_tid_address(0x749f172e4a10)   = 1742
1742  set_robust_list(0x749f172e4a20, 24) = 0
1742  rseq(0x749f172e50e0, 0x20, 0, 0x53053053) = 0
1742  mprotect(0x749f174fd000, 16384, PROT_READ) = 0
1742  mprotect(0x749f175f5000, 4096, PROT_READ) = 0
1742  mprotect(0x63044ef56000, 4096, PROT_READ) = 0
1742  mprotect(0x749f17639000, 8192, PROT_READ) = 0
1742  prlimit64(0, RLIMIT_STACK, NULL, {rlim_cur=8192*1024, rlim_max=RLIM64_INFINITY}) = 0
1742  munmap(0x749f175f7000, 29392)     = 0
1742  pipe([3, 4])                      = 0
1742  pipe([5, 6])                      = 0
1742  pipe([7, 8])                      = 0
1742  pipe([9, 10])                     = 0
1742  clone(child_stack=NULL, flags=CLONE_CHILD_CLEARTID|CLONE_CHILD_SETTID|SIGCHLD, child_tidptr=0x749f172e4a10) = 1743
1742  clone(child_stack=NULL, flags=CLONE_CHILD_CLEARTID|CLONE_CHILD_SETTID|SIGCHLD <unfinished ...>
1743  set_robust_list(0x749f172e4a20, 24) = 0
1742  <... clone resumed>, child_tidptr=0x749f172e4a10) = 1744
1742  clone(child_stack=NULL, flags=CLONE_CHILD_CLEARTID|CLONE_CHILD_SETTID|SIGCHLD <unfinished ...>
1744  set_robust_list(0x749f172e4a20, 24) = 0
1742  <... clone resumed>, child_tidptr=0x749f172e4a10) = 1745
1742  clone(child_stack=NULL, flags=CLONE_CHILD_CLEARTID|CLONE_CHILD_SETTID|SIGCHLD <unfinished ...>
1745  set_robust_list(0x749f172e4a20, 24) = 0
1742  <... clone resumed>, child_tidptr=0x749f172e4a10) = 1746
1742  read(3,  <unfinished ...>
1746  set_robust_list(0x749f172e4a20, 24) = 0
1743  write(4, "\326-\0\0\0\0\0\0", 8)  = 8
1742  <... read resumed>"\326-\0\0\0\0\0\0", 8) = 8
1742  read(5,  <unfinished ...>
1743  exit_group(-1)                    = ?
1743  +++ exited with 255 +++
1742  <... read resumed>0x7ffdbc792940, 8) = ? ERESTARTSYS (To be restarted if SA_RESTART is set)
1742  --- SIGCHLD {si_signo=SIGCHLD, si_code=CLD_EXITED, si_pid=1743, si_uid=1000, si_status=255, si_utime=2, si_stime=0} ---
1742  read(5,  <unfinished ...>
1744  write(6, "F(\0\0\0\0\0\0", 8)     = 8
1742  <... read resumed>"F(\0\0\0\0\0\0", 8) = 8
1742  read(7,  <unfinished ...>
1744  exit_group(-1)                    = ?
1744  +++ exited with 255 +++
1742  <... read resumed>0x7ffdbc792940, 8) = ? ERESTARTSYS (To be restarted if SA_RESTART is set)
1742  --- SIGCHLD {si_signo=SIGCHLD, si_code=CLD_EXITED, si_pid=1744, si_uid=1000, si_status=255, si_utime=4, si_stime=0} ---
1742  read(7,  <unfinished ...>
1745  write(8, "\204&\0\0\0\0\0\0", 8 <unfinished ...>
1742  <... read resumed>"\204&\0\0\0\0\0\0", 8) = 8
1745  <... write resumed>)              = 8
1742  read(9,  <unfinished ...>
1745  exit_group(-1)                    = ?
1745  +++ exited with 255 +++
1742  <... read resumed>0x7ffdbc792940, 8) = ? ERESTARTSYS (To be restarted if SA_RESTART is set)
1742  --- SIGCHLD {si_signo=SIGCHLD, si_code=CLD_EXITED, si_pid=1745, si_uid=1000, si_status=255, si_utime=5, si_stime=0} ---
1742  read(9,  <unfinished ...>
1746  write(10, "\242%\0\0\0\0\0\0", 8) = 8
1742  <... read resumed>"\242%\0\0\0\0\0\0", 8) = 8
1746  exit_group(-1)                    = ?
1746  +++ exited with 255 +++
1742  --- SIGCHLD {si_signo=SIGCHLD, si_code=CLD_EXITED, si_pid=1746, si_uid=1000, si_status=255, si_utime=5, si_stime=0} ---
1742  newfstatat(1, "", {st_mode=S_IFREG|0664, st_size=91, ...}, AT_EMPTY_PATH) = 0
1742  getrandom("\xdc\xc3\x3a\xaa\x99\xd2\x44\x60", 8, GRND_NONBLOCK) = 8
1742  brk(NULL)                         = 0x63045818c000
1742  brk(0x6304581ad000)               = 0x6304581ad000
1742  write(1, "Testcase: 2 numP: 4 Expected: 41"..., 90) = 90
1742  exit_group(0)                     = ?
1742  +++ exited with 0 +++
