1759  execve("./cprime", ["./cprime", "500000", "8", "3"], 0x7ffd20ddcf80 /* 18 vars */) = 0
1759  brk(NULL)                         = 0x597bb1928000
1759  arch_prctl(0x3001 /* ARCH_??? */, 0x7fffad9d6b20) = -1 EINVAL (Invalid argument)
1759  mmap(NULL, 8192, PROT_READ|PROT_WRITE, MAP_PRIVATE|MAP_ANONYMOUS, -1, 0) = 0x757237ead000
1759  access("/etc/ld.so.preload", R_OK) = -1 ENOENT (No such file or directory)
1759  openat(AT_FDCWD, "/etc/ld.so.cache", O_RDONLY|O_CLOEXEC) = 3
1759  newfstatat(3, "", {st_mode=S_IFREG|0644, st_size=29392, ...}, AT_EMPTY_PATH) = 0
1759  mmap(NULL, 29392, PROT_READ, MAP_PRIVATE, 3, 0) = 0x757237ea5000
1759  close(3)                          = 0
1759  openat(AT_FDCWD, "/lib/x86_64-linux-gnu/libm.so.6", O_RDONLY|O_CLOEXEC) = 3
1759  read(3, "\177ELF\2\1\1\3\0\0\0\0\0\0\0\0\3\0>\0\1\0\0\0\0\0\0\0\0\0\0\0"..., 832) = 832
1759  newfstatat(3, "", {st_mode=S_IFREG|0644, st_size=940560, ...}, AT_EMPTY_PATH) = 0
1759  mmap(NULL, 942344, PROT_READ, MAP_PRIVATE|MAP_DENYWRITE, 3, 0) = 0x757237dbe000
1759  mmap(0x757237dcc000, 507904, PROT_READ|PROT_EXEC, MAP_PRIVATE|MAP_FIXED|MAP_DENYWRITE, 3, 0xe000) = 0x757237dcc000
1759  mmap(0x757237e48000, 372736, PROT_READ, MAP_PRIVATE|MAP_FIXED|MAP_DENYWRITE, 3, 0x8a000) = 0x757237e48000
1759  mmap(0x757237ea3000, 8192, PROT_READ|PROT_WRITE, MAP_PRIVATE|MAP_FIXED|MAP_DENYWRITE, 3, 0xe4000) = 0x757237ea3000
1759  close(3)                          = 0
1759  openat(AT_FDCWD, "/lib/x86_64-linux-gnu/libc.so.6", O_RDONLY|O_CLOEXEC) = 3
1759  read(3, "\177ELF\2\1\1\3\0\0\0\0\0\0\0\0\3\0>\0\1\0\0\0P\237\2\0\0\0\0\0"..., 832) = 832
1759  pread64(3, "\6\0\0\0\4\0\0\0@\0\0\0\0\0\0\0@\0\0\0\0\0\0\0@\0\0\0\0\0\0\0"..., 784, 64) = 784
1759  pread64(3, "\4\0\0\0 \0\0\0\5\0\0\0GNU\0\2\0\0\300\4\0\0\0\3\0\0\0\0\0\0\0"..., 48, 848) = 48
1759  pread64(3, "\4\0\0\0\24\0\0\0\3\0\0\0GNU\0\325\31p\226\367\t\200\30)\261\30\257\33|\366c"..., 68, 896) = 68
1759  newfstatat(3, "", {st_mode=S_IFREG|0755, st_size=2220400, ...}, AT_EMPTY_PATH) = 0
1759  pread64(3, "\6\0\0\0\4\0\0\0@\0\0\0\0\0\0\0@\0\0\0\0\0\0\0@\0\0\0\0\0\0\0"..., 784, 64) = 784
1759  mmap(NULL, 2264656, PROT_READ, MAP_PRIVATE|MAP_DENYWRITE, 3, 0) = 0x757237b95000
1759  mprotect(0x757237bbd000, 2023424, PROT_NONE) = 0
1759  mmap(0x757237bbd000, 1658880, PROT_READ|PROT_EXEC, MAP_PRIVATE|MAP_FIXED|MAP_DENYWRITE, 3, 0x28000) = 0x757237bbd000
1759  mmap(0x757237d52000, 360448, PROT_READ, MAP_PRIVATE|MAP_FIXED|MAP_DENYWRITE, 3, 0x1bd000) = 0x757237d52000
1759  mmap(0x757237dab000, 24576, PROT_READ|PROT_WRITE, MAP_PRIVATE|MAP_FIXED|MAP_DENYWRITE, 3, 0x215000) = 0x757237dab000
1759  mmap(0x757237db1000, 52816, PROT_READ|PROT_WRITE, MAP_PRIVATE|MAP_FIXED|MAP_ANONYMOUS, -1, 0) = 0x757237db1000
1759  close(3)                          = 0
1759  mmap(NULL, 12288, PROT_READ|PROT_WRITE, MAP_PRIVATE|MAP_ANONYMOUS, -1, 0) = 0x757237b92000
1759  arch_prctl(ARCH_SET_FS, 0x757237b92740) = 0
1759  set_tid_address(0x757237b92a10)   = 1759
1759  set_robust_list(0x757237b92a20, 24) = 0
1759  rseq(0x757237b930e0, 0x20, 0, 0x53053053) = 0
1759  mprotect(0x757237dab000, 16384, PROT_READ) = 0
1759  mprotect(0x757237ea3000, 4096, PROT_READ) = 0
1759  mprotect(0x597b739c8000, 4096, PROT_READ) = 0
1759  mprotect(0x757237ee7000, 8192, PROT_READ) = 0
1759  prlimit64(0, RLIMIT_STACK, NULL, {rlim_cur=8192*1024, rlim_max=RLIM64_INFINITY}) = 0
1759  munmap(0x757237ea5000, 29392)     = 0
1759  pipe([3, 4])                      = 0
1759  pipe([5, 6])                      = 0
1759  pipe([7, 8])                      = 0
1759  pipe([9, 10])                     = 0
1759  pipe([11, 12])                    = 0
1759  pipe([13, 14])                    = 0
1759  pipe([15, 16])                    = 0
1759  pipe([17, 18])                    = 0
1759  clone(child_stack=NULL, flags=CLONE_CHILD_CLEARTID|CLONE_CHILD_SETTID|SIGCHLD, child_tidptr=0x757237b92a10) = 1760
1759  clone(child_stack=NULL, flags=CLONE_CHILD_CLEARTID|CLONE_CHILD_SETTID|SIGCHLD <unfinished ...>
1760  set_robust_list(0x757237b92a20, 24) = 0
1759  <... clone resumed>, child_tidptr=0x757237b92a10) = 1761
1759  clone(child_stack=NULL, flags=CLONE_CHILD_CLEARTID|CLONE_CHILD_SETTID|SIGCHLD <unfinished ...>
1761  set_robust_list(0x757237b92a20, 24) = 0
1759  <... clone resumed>, child_tidptr=0x757237b92a10) = 1762
1759  clone(child_stack=NULL, flags=CLONE_CHILD_CLEARTID|CLONE_CHILD_SETTID|SIGCHLD <unfinished ...>
1762  set_robust_list(0x757237b92a20, 24 <unfinished ...>
1759  <... clone resumed>, child_tidptr=0x757237b92a10) = 1763
1759  clone(child_stack=NULL, flags=CLONE_CHILD_CLEARTID|CLONE_CHILD_SETTID|SIGCHLD <unfinished ...>
1763  set_robust_list(0x757237b92a20, 24 <unfinished ...>
1762  <... set_robust_list resumed>)    = 0
1763  <... set_robust_list resumed>)    = 0
1759  <... clone resumed>, child_tidptr=0x757237b92a10) = 1764
1764  set_robust_list(0x757237b92a20, 24 <unfinished ...>
1759  clone(child_stack=NULL, flags=CLONE_CHILD_CLEARTID|CLONE_CHILD_SETTID|SIGCHLD <unfinished ...>
1764  <... set_robust_list resumed>)    = 0
1759  <... clone resumed>, child_tidptr=0x757237b92a10) = 1765
1759  clone(child_stack=NULL, flags=CLONE_CHILD_CLEARTID|CLONE_CHILD_SETTID|SIGCHLD <unfinished ...>
1765  set_robust_list(0x757237b92a20, 24) = 0
1759  <... clone resumed>, child_tidptr=0x757237b92a10) = 1766
1759  clone(child_stack=NULL, flags=CLONE_CHILD_CLEARTID|CLONE_CHILD_SETTID|SIGCHLD <unfinished ...>
1766  set_robust_list(0x757237b92a20, 24) = 0
1759  <... clone resumed>, child_tidptr=0x757237b92a10) = 1767
1759  read(3,  <unfinished ...>
1767  set_robust_list(0x757237b92a20, 24) = 0
1760  write(4, "\203\30\0\0\0\0\0\0", 8) = 8
1759  <... read resumed>"\203\30\0\0\0\0\0\0", 8) = 8
1759  read(5,  <unfinished ...>
1760  exit_group(-1)                    = ?
1760  +++ exited with 255 +++
1759  <... read resumed>0x7fffad9d6b50, 8) = ? ERESTARTSYS (To be restarted if SA_RESTART is set)
1759  --- SIGCHLD {si_signo=SIGCHLD, si_code=CLD_EXITED, si_pid=1760, si_uid=1000, si_status=255, si_utime=1, si_stime=0} ---
1759  read(5,  <unfinished ...>
1761  write(6, "S\25\0\0\0\0\0\0", 8)   = 8
1759  <... read resumed>"S\25\0\0\0\0\0\0", 8) = 8
1759  read(7,  <unfinished ...>
1761  exit_group(-1)                    = ?
1761  +++ exited with 255 +++
1759  <... read resumed>0x7fffad9d6b50, 8) = ? ERESTARTSYS (To be restarted if SA_RESTART is set)
1759  --- SIGCHLD {si_signo=SIGCHLD, si_code=CLD_EXITED, si_pid=1761, si_uid=1000, si_status=255, si_utime=1, si_stime=0} ---
1759  read(7,  <unfinished ...>
1763  write(10, "\330\23\0\0\0\0\0\0", 8) = 8
1763  exit_group(-1)                    = ?
1763  +++ exited with 255 +++
1759  <... read resumed>0x7fffad9d6b50, 8) = ? ERESTARTSYS (To be restarted if SA_RESTART is set)
1759  --- SIGCHLD {si_signo=SIGCHLD, si_code=CLD_EXITED, si_pid=1763, si_uid=1000, si_status=255, si_utime=2, si_stime=0} ---
1759  read(7,  <unfinished ...>
1765  write(14, "0\23\0\0\0\0\0\0", 8)  = 8
1765  exit_group(-1)                    = ?
1765  +++ exited with 255 +++
1759  <... read resumed>0x7fffad9d6b50, 8) = ? ERESTARTSYS (To be restarted if SA_RESTART is set)
1759  --- SIGCHLD {si_signo=SIGCHLD, si_code=CLD_EXITED, si_pid=1765, si_uid=1000, si_status=255, si_utime=2, si_stime=0} ---
1759  read(7,  <unfinished ...>
1762  write(8, "n\24\0\0\0\0\0\0", 8)   = 8
1759  <... read resumed>"n\24\0\0\0\0\0\0", 8) = 8
1759  read(9, "\330\23\0\0\0\0\0\0", 8) = 8
1759  read(11,  <unfinished ...>
1762  exit_group(-1)                    = ?
1762  +++ exited with 255 +++
1759  <... read resumed>0x7fffad9d6b50, 8) = ? ERESTARTSYS (To be restarted if SA_RESTART is set)
1759  --- SIGCHLD {si_signo=SIGCHLD, si_code=CLD_EXITED, si_pid=1762, si_uid=1000, si_status=255, si_utime=3, si_stime=0} ---
1759  read(11,  <unfinished ...>
1764  write(12, "T\23\0\0\0\0\0\0", 8)  = 8
1759  <... read resumed>"T\23\0\0\0\0\0\0", 8) = 8
1759  read(13,  <unfinished ...>
1764  exit_group(-1)                    = ?
1759  <... read resumed>"0\23\0\0\0\0\0\0", 8) = 8
1759  read(15,  <unfinished ...>
1764  +++ exited with 255 +++
1759  <... read resumed>0x7fffad9d6b50, 8) = ? ERESTARTSYS (To be restarted if SA_RESTART is set)
1759  --- SIGCHLD {si_signo=SIGCHLD, si_code=CLD_EXITED, si_pid=1764, si_uid=1000, si_status=255, si_utime=3, si_stime=0} ---
1759  read(15,  <unfinished ...>
1767  write(18, "\256\22\0\0\0\0\0\0", 8) = 8
1767  exit_group(-1)                    = ?
1767  +++ exited with 255 +++
1759  <... read resumed>0x7fffad9d6b50, 8) = ? ERESTARTSYS (To be restarted if SA_RESTART is set)
1759  --- SIGCHLD {si_signo=SIGCHLD, si_code=CLD_EXITED, si_pid=1767, si_uid=1000, si_status=255, si_utime=4, si_stime=0} ---
1759  read(15,  <unfinished ...>
1766  write(16, "\364\22\0\0\0\0\0\0", 8) = 8
1759  <... read resumed>"\364\22\0\0\0\0\0\0", 8) = 8
1766  exit_group(-1 <unfinished ...>
1759  read(17,  <unfinished ...>
1766  <... exit_group resumed>)         = ?
1759  <... read resumed>"\256\22\0\0\0\0\0\0", 8) = 8
1766  +++ exited with 255 +++
1759  --- SIGCHLD {si_signo=SIGCHLD, si_code=CLD_EXITED, si_pid=1766, si_uid=1000, si_status=255, si_utime=4, si_stime=0} ---
1759  newfstatat(1, "", {st_mode=S_IFREG|0664, st_size=181, ...}, AT_EMPTY_PATH) = 0
1759  getrandom("\xca\xc3\x25\x56\x85\xbc\x92\x8a", 8, GRND_NONBLOCK) = 8
1759  brk(NULL)                         = 0x597bb1928000
1759  brk(0x597bb1949000)               = 0x597bb1949000
1759  write(1, "Testcase: 3 numP: 8 Expected: 41"..., 90) = 90
1759  exit_group(0)                     = ?
1759  +++ exited with 0 +++
