1780  execve("./cprime", ["./cprime", "5000000", "4", "4"], 0x7fff57712960 /* 18 vars */) = 0
1780  brk(NULL)                         = 0x60bdedf35000
1780  arch_prctl(0x3001 /* ARCH_??? */, 0x7ffdb8ea6ad0) = -1 EINVAL (Invalid argument)
1780  mmap(NULL, 8192, PROT_READ|PROT_WRITE, MAP_PRIVATE|MAP_ANONYMOUS, -1, 0) = 0x79852a0ab000
1780  access("/etc/ld.so.preload", R_OK) = -1 ENOENT (No such file or directory)
1780  openat(AT_FDCWD, "/etc/ld.so.cache", O_RDONLY|O_CLOEXEC) = 3
1780  newfstatat(3, "", {st_mode=S_IFREG|0644, st_size=29392, ...}, AT_EMPTY_PATH) = 0
1780  mmap(NULL, 29392, PROT_READ, MAP_PRIVATE, 3, 0) = 0x79852a0a3000
1780  close(3)                          = 0
1780  openat(AT_FDCWD, "/lib/x86_64-linux-gnu/libm.so.6", O_RDONLY|O_CLOEXEC) = 3
1780  read(3, "\177ELF\2\1\1\3\0\0\0\0\0\0\0\0\3\0>\0\1\0\0\0\0\0\0\0\0\0\0\0"..., 832) = 832
1780  newfstatat(3, "", {st_mode=S_IFREG|0644, st_size=940560, ...}, AT_EMPTY_PATH) = 0
1780  mmap(NULL, 942344, PROT_READ, MAP_PRIVATE|MAP_DENYWRITE, 3, 0) = 0x798529fbc000
1780  mmap(0x798529fca000, 507904, PROT_READ|PROT_EXEC, MAP_PRIVATE|MAP_FIXED|MAP_DENYWRITE, 3, 0xe000) = 0x798529fca000
1780  mmap(0x79852a046000, 372736, PROT_READ, MAP_PRIVATE|MAP_FIXED|MAP_DENYWRITE, 3, 0x8a000) = 0x79852a046000
1780  mmap(0x79852a0a1000, 8192, PROT_READ|PROT_WRITE, MAP_PRIVATE|MAP_FIXED|MAP_DENYWRITE, 3, 0xe4000) = 0x79852a0a1000
1780  close(3)                          = 0
1780  openat(AT_FDCWD, "/lib/x86_64-linux-gnu/libc.so.6", O_RDONLY|O_CLOEXEC) = 3
1780  read(3, "\177ELF\2\1\1\3\0\0\0\0\0\0\0\0\3\0>\0\1\0\0\0P\237\2\0\0\0\0\0"..., 832) = 832
1780  pread64(3, "\6\0\0\0\4\0\0\0@\0\0\0\0\0\0\0@\0\0\0\0\0\0\0@\0\0\0\0\0\0\0"..., 784, 64) = 784
1780  pread64(3, "\4\0\0\0 \0\0\0\5\0\0\0GNU\0\2\0\0\300\4\0\0\0\3\0\0\0\0\0\0\0"..., 48, 848) = 48
1780  pread64(3, "\4\0\0\0\24\0\0\0\3\0\0\0GNU\0\325\31p\226\367\t\200\30)\261\30\257\33|\366c"..., 68, 896) = 68
1780  newfstatat(3, "", {st_mode=S_IFREG|0755, st_size=2220400, ...}, AT_EMPTY_PATH) = 0
1780  pread64(3, "\6\0\0\0\4\0\0\0@\0\0\0\0\0\0\0@\0\0\0\0\0\0\0@\0\0\0\0\0\0\0"..., 784, 64) = 784
1780  mmap(NULL, 2264656, PROT_READ, MAP_PRIVATE|MAP_DENYWRITE, 3, 0) = 0x798529d93000
1780  mprotect(0x798529dbb000, 2023424, PROT_NONE) = 0
1780  mmap(0x798529dbb000, 1658880, PROT_READ|PROT_EXEC, MAP_PRIVATE|MAP_FIXED|MAP_DENYWRITE, 3, 0x28000) = 0x798529dbb000
1780  mmap(0x798529f50000, 360448, PROT_READ, MAP_PRIVATE|MAP_FIXED|MAP_DENYWRITE, 3, 0x1bd000) = 0x798529f50000
1780  mmap(0x798529fa9000, 24576, PROT_READ|PROT_WRITE, MAP_PRIVATE|MAP_FIXED|MAP_DENYWRITE, 3, 0x215000) = 0x798529fa9000
1780  mmap(0x798529faf000, 52816, PROT_READ|PROT_WRITE, MAP_PRIVATE|MAP_FIXED|MAP_ANONYMOUS, -1, 0) = 0x798529faf000
1780  close(3)                          = 0
1780  mmap(NULL, 12288, PROT_READ|PROT_WRITE, MAP_PRIVATE|MAP_ANONYMOUS, -1, 0) = 0x798529d90000
1780  arch_prctl(ARCH_SET_FS, 0x798529d90740) = 0
1780  set_tid_address(0x798529d90a10)   = 1780
1780  set_robust_list(0x798529d90a20, 24) = 0
1780  rseq(0x798529d910e0, 0x20, 0, 0x53053053) = 0
1780  mprotect(0x798529fa9000, 16384, PROT_READ) = 0
1780  mprotect(0x79852a0a1000, 4096, PROT_READ) = 0
1780  mprotect(0x60bddafe7000, 4096, PROT_READ) = 0
1780  mprotect(0x79852a0e5000, 8192, PROT_READ) = 0
1780  prlimit64(0, RLIMIT_STACK, NULL, {rlim_cur=8192*1024, rlim_max=RLIM64_INFINITY}) = 0
1780  munmap(0x79852a0a3000, 29392)     = 0
1780  pipe([3, 4])                      = 0
1780  pipe([5, 6])                      = 0
1780  pipe([7, 8])                      = 0
1780  pipe([9, 10])                     = 0
1780  clone(child_stack=NULL, flags=CLONE_CHILD_CLEARTID|CLONE_CHILD_SETTID|SIGCHLD, child_tidptr=0x798529d90a10) = 1781
1780  clone(child_stack=NULL, flags=CLONE_CHILD_CLEARTID|CLONE_CHILD_SETTID|SIGCHLD <unfinished ...>
1781  set_robust_list(0x798529d90a20, 24) = 0
1780  <... clone resumed>, child_tidptr=0x798529d90a10) = 1782
1780  clone(child_stack=NULL, flags=CLONE_CHILD_CLEARTID|CLONE_CHILD_SETTID|SIGCHLD <unfinished ...>
1782  set_robust_list(0x798529d90a20, 24) = 0
1780  <... clone resumed>, child_tidptr=0x798529d90a10) = 1783
1780  clone(child_stack=NULL, flags=CLONE_CHILD_CLEARTID|CLONE_CHILD_SETTID|SIGCHLD <unfinished ...>
1783  set_robust_list(0x798529d90a20, 24) = 0
1780  <... clone resumed>, child_tidptr=0x798529d90a10) = 1784
1780  read(3,  <unfinished ...>
1784  set_robust_list(0x798529d90a20, 24) = 0
1781  write(4, "\325x\1\0\0\0\0\0", 8 <unfinished ...>
1780  <... read resumed>"\325x\1\0\0\0\0\0", 8) = 8
1781  <... write resumed>)              = 8
1780  read(5,  <unfinished ...>
1781  exit_group(-1)                    = ?
1781  +++ exited with 255 +++
1780  <... read resumed>0x7ffdb8ea6b00, 8) = ? ERESTARTSYS (To be restarted if SA_RESTART is set)
1780  --- SIGCHLD {si_signo=SIGCHLD, si_code=CLD_EXITED, si_pid=1781, si_uid=1000, si_status=255, si_utime=63, si_stime=0} ---
1780  read(5,  <unfinished ...>
1782  write(6, "KR\1\0\0\0\0\0", 8 <unfinished ...>
1780  <... read resumed>"KR\1\0\0\0\0\0", 8) = 8
1782  <... write resumed>)              = 8
1780  read(7,  <unfinished ...>
1782  exit_group(-1)                    = ?
1782  +++ exited with 255 +++
1780  <... read resumed>0x7ffdb8ea6b00, 8) = ? ERESTARTSYS (To be restarted if SA_RESTART is set)
1780  --- SIGCHLD {si_signo=SIGCHLD, si_code=CLD_EXITED, si_pid=1782, si_uid=1000, si_status=255, si_utime=102, si_stime=0} ---
1780  read(7,  <unfinished ...>
1783  write(8, "\275F\1\0\0\0\0\0", 8 <unfinished ...>
1780  <... read resumed>"\275F\1\0\0\0\0\0", 8) = 8
1783  <... write resumed>)              = 8
1780  read(9,  <unfinished ...>
1783  exit_group(-1)                    = ?
1783  +++ exited with 255 +++
1780  <... read resumed>0x7ffdb8ea6b00, 8) = ? ERESTARTSYS (To be restarted if SA_RESTART is set)
1780  --- SIGCHLD {si_signo=SIGCHLD, si_code=CLD_EXITED, si_pid=1783, si_uid=1000, si_status=255, si_utime=127, si_stime=0} ---
1780  read(9,  <unfinished ...>
1784  write(10, "\204?\1\0\0\0\0\0", 8) = 8
1780  <... read resumed>"\204?\1\0\0\0\0\0", 8) = 8
1784  exit_group(-1)                    = ?
1784  +++ exited with 255 +++
1780  --- SIGCHLD {si_signo=SIGCHLD, si_code=CLD_EXITED, si_pid=1784, si_uid=1000, si_status=255, si_utime=145, si_stime=0} ---
1780  newfstatat(1, "", {st_mode=S_IFREG|0664, st_size=271, ...}, AT_EMPTY_PATH) = 0
1780  getrandom("\xfe\xec\xa8\xa9\x89\x14\x99\x39", 8, GRND_NONBLOCK) = 8
1780  brk(NULL)                         = 0x60bdedf35000
1780  brk(0x60bdedf56000)               = 0x60bdedf56000
1780  write(1, "Testcase: 4 numP: 4 Expected: 34"..., 95) = 95
1780  exit_group(0)                     = ?
1780  +++ exited with 0 +++
